  $$$$$$\   $$$$$$\  $$\   $$\ $$\   $$\ $$$$$$$$\  $$$$$$\ $$$$$$$$\  $$$$$$\  $$$$$$$\ 
 $$  __$$\ $$  __$$\ $$$\  $$ |$$$\  $$ |$$  _____|$$  __$$\\__$$  __|$$  __$$\ $$  __$$\ 
 $$ /  \__|$$ /  $$ |$$$$\ $$ |$$$$\ $$ |$$ |      $$ /  \__|  $$ |   $$ /  $$ |$$ |  $$ |
 $$ |      $$ |  $$ |$$ $$\$$ |$$ $$\$$ |$$$$$\    $$ |        $$ |   $$ |  $$ |$$$$$$$  |
 $$ |      $$ |  $$ |$$ \$$$$ |$$ \$$$$ |$$  __|   $$ |        $$ |   $$ |  $$ |$$  __$$<
 $$ |  $$\ $$ |  $$ |$$ |\$$$ |$$ |\$$$ |$$ |      $$ |  $$\   $$ |   $$ |  $$ |$$ |  $$ |
 \$$$$$$  | $$$$$$  |$$ | \$$ |$$ | \$$ |$$$$$$$$\ \$$$$$$  |  $$ |    $$$$$$  |$$ |  $$ |
  \______/  \______/ \__|  \__|\__|  \__|\________| \______/   \__|    \______/ \__|  \__|   

'?' or 'help' to get the list of allowed commands

connector:~$ 
connector:~$ 
connector:~$ 
connector:~$ journalctl 
0;0H-- Journal begins at Wed 2023-07-05 16:00:45 UTC, ends at Wed 2023-07-05 16:04:02 UTC. --
Jul 05 16:00:45 connector kernel: 0;1;39m0;1;31m0;1;39mLinux version 5.14.6-yocto-standard (oe-user@oe-host) (x86_64-intelbras-linux-gcc (GCC) 11.2.0, 
GNU ld (GNU Binutils) 2.37.20210721) #1 SMP PREEMPT Mon Sep 20 01:09:33 UTC 20210m
Jul 05 16:00:45 connector kernel: Command line: BOOT_IMAGE=/bzImage root=PARTUUID=55d9e964-7255-4e7f-b34f-aaf877d08a74 rootwait rw
Jul 05 16:00:45 connector kernel: x86/fpu: x87 FPU will use FXSAVE
Jul 05 16:00:45 connector kernel: signal: max sigframe size: 1440
Jul 05 16:00:45 connector kernel: BIOS-provided physical RAM map:
Jul 05 16:00:45 connector kernel: BIOS-e820: [mem 0x0000000000000000-0x000000000009fbff] usable
Jul 05 16:00:45 connector kernel: BIOS-e820: [mem 0x000000000009fc00-0x000000000009ffff] reserved
Jul 05 16:00:45 connector kernel: BIOS-e820: [mem 0x00000000000f0000-0x00000000000fffff] reserved
Jul 05 16:00:45 connector kernel: BIOS-e820: [mem 0x0000000000100000-0x00000000bffddfff] usable
Jul 05 16:00:45 connector kernel: BIOS-e820: [mem 0x00000000bffde000-0x00000000bfffffff] reserved
Jul 05 16:00:45 connector kernel: BIOS-e820: [mem 0x00000000feffc000-0x00000000feffffff] reserved
Jul 05 16:00:45 connector kernel: BIOS-e820: [mem 0x00000000fffc0000-0x00000000ffffffff] reserved
Jul 05 16:00:45 connector kernel: NX (Execute Disable) protection: active
Jul 05 16:00:45 connector kernel: SMBIOS 2.8 present.
Jul 05 16:00:45 connector kernel: DMI: QEMU Standard PC (i440FX + PIIX, 1996), BIOS rel-1.16.0-0-gd239552ce722-prebuilt.qemu.org 04/01/2014
Jul 05 16:00:45 connector kernel: Hypervisor detected: KVM
Jul 05 16:00:45 connector kernel: kvm-clock: Using msrs 4b564d01 and 4b564d00
Jul 05 16:00:45 connector kernel: kvm-clock: cpu 0, msr 925b001, primary cpu clock
Jul 05 16:00:45 connector kernel: kvm-clock: using sched offset of 687510440299 cycles
Jul 05 16:00:45 connector kernel: clocksource: kvm-clock: mask: 0xffffffffffffffff max_cycles: 0x1cd42e4dffb, max_idle_ns: 881590591483 ns
Jul 05 16:00:45 connector kernel: tsc: Detected 3696.046 MHz processor
Jul 05 16:00:45 connector kernel: 0;38;5;245m0;1;31m0;38;5;245me820: update [mem 0x00000000-0x00000fff] usable ==> reserved0m
Jul 05 16:00:45 connector kernel: 0;38;5;245m0;1;31m0;38;5;245me820: remove [mem 0x000a0000-0x000fffff] usable0m
Jul 05 16:00:45 connector kernel: last_pfn = 0xbffde max_arch_pfn = 0x400000000
Jul 05 16:00:45 connector kernel: x86/PAT: Configuration [0-7]: WB  WC  UC- UC  WB  WC  UC- UC  
Jul 05 16:00:45 connector kernel: found SMP MP-table at [mem 0x000f5b70-0x000f5b7f]
Jul 05 16:00:45 connector kernel: ACPI: Early table checksum verification disabled
Jul 05 16:00:45 connector kernel: ACPI: RSDP 0x00000000000F5990 000014 (v00 BOCHS )
Jul 05 16:00:45 connector kernel: ACPI: RSDT 0x00000000BFFE1F18 000038 (v01 BOCHS  BXPC     00000001 BXPC 00000001)
Jul 05 16:00:45 connector kernel: ACPI: FACP 0x00000000BFFE1CEA 000074 (v01 BOCHS  BXPC     00000001 BXPC 00000001)
Jul 05 16:00:45 connector kernel: ACPI: DSDT 0x00000000BFFDF040 002CAA (v01 BOCHS  BXPC     00000001 BXPC 00000001)
Jul 05 16:00:45 connector kernel: ACPI: FACS 0x00000000BFFDF000 000040
Jul 05 16:00:45 connector kernel: ACPI: APIC 0x00000000BFFE1D5E 000090 (v01 BOCHS  BXPC     00000001 BXPC 00000001)
Jul 05 16:00:45 connector kernel: ACPI: SSDT 0x00000000BFFE1DEE 0000CA (v01 BOCHS  VMGENID  00000001 BXPC 00000001)
Jul 05 16:00:45 connector kernel: ACPI: HPET 0x00000000BFFE1EB8 000038 (v01 BOCHS  BXPC     00000001 BXPC 00000001)
Jul 05 16:00:45 connector kernel: ACPI: WAET 0x00000000BFFE1EF0 000028 (v01 BOCHS  BXPC     00000001 BXPC 00000001)
Jul 05 16:00:45 connector kernel: ACPI: Reserving FACP table memory at [mem 0xbffe1cea-0xbffe1d5d]
Jul 05 16:00:45 connector kernel: ACPI: Reserving DSDT table memory at [mem 0xbffdf040-0xbffe1ce9]
Jul 05 16:00:45 connector kernel: ACPI: Reserving FACS table memory at [mem 0xbffdf000-0xbffdf03f]
Jul 05 16:00:45 connector kernel: ACPI: Reserving APIC table memory at [mem 0xbffe1d5e-0xbffe1ded]
Jul 05 16:00:45 connector kernel: ACPI: Reserving SSDT table memory at [mem 0xbffe1dee-0xbffe1eb7]
Jul 05 16:00:45 connector kernel: ACPI: Reserving HPET table memory at [mem 0xbffe1eb8-0xbffe1eef]
Jul 05 16:00:45 connector kernel: ACPI: Reserving WAET table memory at [mem 0xbffe1ef0-0xbffe1f17]
Jul 05 16:00:45 connector kernel: Zone ranges:
47;0H7mstandard inputm0;0HJul 05 16:00:45 connector kernel:   DMA      [mem 0x0000000000001000-0x0000000000ffffff]
Jul 05 16:00:45 connector kernel:   DMA32    [mem 0x0000000001000000-0x00000000bffddfff]
Jul 05 16:00:45 connector kernel:   Normal   empty
Jul 05 16:00:45 connector kernel: Movable zone start for each node
Jul 05 16:00:45 connector kernel: Early memory node ranges
Jul 05 16:00:45 connector kernel:   node   0: [mem 0x0000000000001000-0x000000000009efff]
Jul 05 16:00:45 connector kernel:   node   0: [mem 0x0000000000100000-0x00000000bffddfff]
Jul 05 16:00:45 connector kernel: Initmem setup node 0 [mem 0x0000000000001000-0x00000000bffddfff]
Jul 05 16:00:45 connector kernel: On node 0, zone DMA: 1 pages in unavailable ranges
Jul 05 16:00:45 connector kernel: On node 0, zone DMA: 97 pages in unavailable ranges
Jul 05 16:00:45 connector kernel: On node 0, zone DMA32: 34 pages in unavailable ranges
Jul 05 16:00:45 connector kernel: ACPI: PM-Timer IO Port: 0x608
Jul 05 16:00:45 connector kernel: ACPI: LAPIC_NMI (acpi_id[0xff] dfl dfl lint[0x1])
Jul 05 16:00:45 connector kernel: IOAPIC[0]: apic_id 0, version 17, address 0xfec00000, GSI 0-23
Jul 05 16:00:45 connector kernel: ACPI: INT_SRC_OVR (bus 0 bus_irq 0 global_irq 2 dfl dfl)
Jul 05 16:00:45 connector kernel: ACPI: INT_SRC_OVR (bus 0 bus_irq 5 global_irq 5 high level)
Jul 05 16:00:45 connector kernel: ACPI: INT_SRC_OVR (bus 0 bus_irq 9 global_irq 9 high level)
Jul 05 16:00:45 connector kernel: ACPI: INT_SRC_OVR (bus 0 bus_irq 10 global_irq 10 high level)
Jul 05 16:00:45 connector kernel: ACPI: INT_SRC_OVR (bus 0 bus_irq 11 global_irq 11 high level)
Jul 05 16:00:45 connector kernel: ACPI: Using ACPI (MADT) for SMP configuration information
Jul 05 16:00:45 connector kernel: ACPI: HPET id: 0x8086a201 base: 0xfed00000
Jul 05 16:00:45 connector kernel: smpboot: Allowing 4 CPUs, 0 hotplug CPUs
Jul 05 16:00:45 connector kernel: [mem 0xc0000000-0xfeffbfff] available for PCI devices
Jul 05 16:00:45 connector kernel: Booting paravirtualized kernel on KVM
Jul 05 16:00:45 connector kernel: clocksource: refined-jiffies: mask: 0xffffffff max_cycles: 0xffffffff, max_idle_ns: 1910969940391419 ns
Jul 05 16:00:45 connector kernel: setup_percpu: NR_CPUS:64 nr_cpumask_bits:64 nr_cpu_ids:4 nr_node_ids:1
Jul 05 16:00:45 connector kernel: percpu: Embedded 54 pages/cpu s184024 r8192 d28968 u524288
Jul 05 16:00:45 connector kernel: 0;38;5;245m0;1;31m0;38;5;245mpcpu-alloc: s184024 r8192 d28968 u524288 alloc=1*20971520m
Jul 05 16:00:45 connector kernel: 0;38;5;245m0;1;31m0;38;5;245mpcpu-alloc: [0] 0 1 2 3 0m
Jul 05 16:00:45 connector kernel: kvm-guest: stealtime: cpu 0, msr bca17fc0
Jul 05 16:00:45 connector kernel: Built 1 zonelists, mobility grouping on.  Total pages: 773854
Jul 05 16:00:45 connector kernel: 0;1;39m0;1;31m0;1;39mKernel command line: BOOT_IMAGE=/bzImage root=PARTUUID=55d9e964-7255-4e7f-b34f-aaf877d08a74 root
wait rw0m
Jul 05 16:00:45 connector kernel: 0;1;39m0;1;31m0;1;39mUnknown command line parameters: BOOT_IMAGE=/bzImage0m
Jul 05 16:00:45 connector kernel: Dentry cache hash table entries: 524288 (order: 10, 4194304 bytes, linear)
Jul 05 16:00:45 connector kernel: Inode-cache hash table entries: 262144 (order: 9, 2097152 bytes, linear)
Jul 05 16:00:45 connector kernel: mem auto-init: stack:off, heap alloc:off, heap free:off
Jul 05 16:00:45 connector kernel: Memory: 3055260K/3145200K available (18444K kernel code, 2259K rwdata, 3980K rodata, 1900K init, 1808K bss, 89680K reserved
, 0K cma-reserved)
Jul 05 16:00:45 connector kernel: SLUB: HWalign=64, Order=0-3, MinObjects=0, CPUs=4, Nodes=1
Jul 05 16:00:45 connector kernel: Kernel/User page tables isolation: enabled
Jul 05 16:00:45 connector kernel: ftrace: allocating 50735 entries in 199 pages
Jul 05 16:00:45 connector kernel: ftrace: allocated 199 pages with 5 groups
Jul 05 16:00:45 connector kernel: rcu: Preemptible hierarchical RCU implementation.
Jul 05 16:00:45 connector kernel: rcu:         RCU restricting CPUs from NR_CPUS=64 to nr_cpu_ids=4.
Jul 05 16:00:45 connector kernel:         Trampoline variant of Tasks RCU enabled.
47;0H:0;0HJul 05 16:00:45 connector kernel:         Rude variant of Tasks RCU enabled.
Jul 05 16:00:45 connector kernel:         Tracing variant of Tasks RCU enabled.
Jul 05 16:00:45 connector kernel: rcu: RCU calculated value of scheduler-enlistment delay is 100 jiffies.
Jul 05 16:00:45 connector kernel: rcu: Adjusting geometry for rcu_fanout_leaf=16, nr_cpu_ids=4
Jul 05 16:00:45 connector kernel: NR_IRQS: 4352, nr_irqs: 456, preallocated irqs: 16
Jul 05 16:00:45 connector kernel: kfence: initialized - using 2097152 bytes for 255 objects at 0x(____ptrval____)-0x(____ptrval____)
Jul 05 16:00:45 connector kernel: 0;1;39m0;1;31m0;1;39mrandom: get_random_bytes called from start_kernel+0x4d7/0x696 with crng_init=00m
Jul 05 16:00:45 connector kernel: Console: colour VGA+ 80x25
Jul 05 16:00:45 connector kernel: printk: console [tty0] enabled
Jul 05 16:00:45 connector kernel: ACPI: Core revision 20210604
Jul 05 16:00:45 connector kernel: clocksource: hpet: mask: 0xffffffff max_cycles: 0xffffffff, max_idle_ns: 19112604467 ns
Jul 05 16:00:45 connector kernel: APIC: Switch to symmetric I/O mode setup
Jul 05 16:00:45 connector kernel: x2apic enabled
Jul 05 16:00:45 connector kernel: Switched APIC routing to physical x2apic.
Jul 05 16:00:45 connector kernel: ..TIMER: vector=0x30 apic1=0 pin1=2 apic2=-1 pin2=-1
Jul 05 16:00:45 connector kernel: clocksource: tsc-early: mask: 0xffffffffffffffff max_cycles: 0x6a8d7dfcf3b, max_idle_ns: 881591088401 ns
Jul 05 16:00:45 connector kernel: Calibrating delay loop (skipped) preset value.. 7392.09 BogoMIPS (lpj=3696046)
Jul 05 16:00:45 connector kernel: pid_max: default: 32768 minimum: 301
Jul 05 16:00:45 connector kernel: LSM: Security Framework initializing
Jul 05 16:00:45 connector kernel: landlock: Up and running.
Jul 05 16:00:45 connector kernel: Mount-cache hash table entries: 8192 (order: 4, 65536 bytes, linear)
Jul 05 16:00:45 connector kernel: Mountpoint-cache hash table entries: 8192 (order: 4, 65536 bytes, linear)
Jul 05 16:00:45 connector kernel: Last level iTLB entries: 4KB 0, 2MB 0, 4MB 0
Jul 05 16:00:45 connector kernel: Last level dTLB entries: 4KB 0, 2MB 0, 4MB 0, 1GB 0
Jul 05 16:00:45 connector kernel: Spectre V1 : Mitigation: usercopy/swapgs barriers and __user pointer sanitization
Jul 05 16:00:45 connector kernel: Spectre V2 : Mitigation: Full generic retpoline
Jul 05 16:00:45 connector kernel: Spectre V2 : Spectre v2 / SpectreRSB mitigation: Filling RSB on context switch
Jul 05 16:00:45 connector kernel: Speculative Store Bypass: Vulnerable
Jul 05 16:00:45 connector kernel: MDS: Vulnerable: Clear CPU buffers attempted, no microcode
Jul 05 16:00:45 connector kernel: Freeing SMP alternatives memory: 52K
Jul 05 16:00:45 connector kernel: smpboot: CPU0: Intel Common KVM processor (family: 0xf, model: 0x6, stepping: 0x1)
Jul 05 16:00:45 connector kernel: Performance Events: unsupported Netburst CPU model 6 no PMU driver, software events only.
Jul 05 16:00:45 connector kernel: rcu: Hierarchical SRCU implementation.
Jul 05 16:00:45 connector kernel: smp: Bringing up secondary CPUs ...
Jul 05 16:00:45 connector kernel: x86: Booting SMP configuration:
Jul 05 16:00:45 connector kernel: .... node  #0, CPUs:      #1
Jul 05 16:00:45 connector kernel: kvm-clock: cpu 1, msr 925b041, secondary cpu clock
Jul 05 16:00:45 connector kernel: kvm-guest: stealtime: cpu 1, msr bca97fc0
Jul 05 16:00:45 connector kernel: 0;1;38;5;185m0;1;39m0;1;38;5;185m #20m
Jul 05 16:00:45 connector kernel: kvm-clock: cpu 2, msr 925b081, secondary cpu clock
Jul 05 16:00:45 connector kernel: kvm-guest: stealtime: cpu 2, msr bcb17fc0
Jul 05 16:00:45 connector kernel: 0;1;38;5;185m0;1;39m0;1;38;5;185m #30m
Jul 05 16:00:45 connector kernel: kvm-clock: cpu 3, msr 925b0c1, secondary cpu clock
Jul 05 16:00:45 connector kernel: kvm-guest: stealtime: cpu 3, msr bcb97fc0
Jul 05 16:00:45 connector kernel: smp: Brought up 1 node, 4 CPUs
Jul 05 16:00:45 connector kernel: smpboot: Max logical packages: 1
47;0H:0;0HJul 05 16:00:45 connector kernel: smpboot: Total of 4 processors activated (29568.36 BogoMIPS)
Jul 05 16:00:45 connector kernel: devtmpfs: initialized
Jul 05 16:00:45 connector kernel: clocksource: jiffies: mask: 0xffffffff max_cycles: 0xffffffff, max_idle_ns: 1911260446275000 ns
Jul 05 16:00:45 connector kernel: futex hash table entries: 1024 (order: 4, 65536 bytes, linear)
Jul 05 16:00:45 connector kernel: pinctrl core: initialized pinctrl subsystem
Jul 05 16:00:45 connector kernel: NET: Registered PF_NETLINK/PF_ROUTE protocol family
Jul 05 16:00:45 connector kernel: thermal_sys: Registered thermal governor 'step_wise'
Jul 05 16:00:45 connector kernel: thermal_sys: Registered thermal governor 'user_space'
Jul 05 16:00:45 connector kernel: cpuidle: using governor menu
Jul 05 16:00:45 connector kernel: ACPI: bus type PCI registered
Jul 05 16:00:45 connector kernel: PCI: Using configuration type 1 for base access
Jul 05 16:00:45 connector kernel: Kprobes globally optimized
Jul 05 16:00:45 connector kernel: raid6: sse2x4   gen() 20375 MB/s
Jul 05 16:00:45 connector kernel: raid6: sse2x4   xor() 10712 MB/s
Jul 05 16:00:45 connector kernel: raid6: sse2x2   gen() 20500 MB/s
Jul 05 16:00:45 connector kernel: raid6: sse2x2   xor() 12698 MB/s
Jul 05 16:00:45 connector kernel: raid6: sse2x1   gen() 16844 MB/s
Jul 05 16:00:45 connector kernel: raid6: sse2x1   xor() 10732 MB/s
Jul 05 16:00:45 connector kernel: raid6: using algorithm sse2x2 gen() 20500 MB/s
Jul 05 16:00:45 connector kernel: raid6: .... xor() 12698 MB/s, rmw enabled
Jul 05 16:00:45 connector kernel: raid6: using intx1 recovery algorithm
Jul 05 16:00:45 connector kernel: ACPI: Added _OSI(Module Device)
Jul 05 16:00:45 connector kernel: ACPI: Added _OSI(Processor Device)
Jul 05 16:00:45 connector kernel: ACPI: Added _OSI(3.0 _SCP Extensions)
Jul 05 16:00:45 connector kernel: ACPI: Added _OSI(Processor Aggregator Device)
Jul 05 16:00:45 connector kernel: ACPI: Added _OSI(Linux-Dell-Video)
Jul 05 16:00:45 connector kernel: ACPI: Added _OSI(Linux-Lenovo-NV-HDMI-Audio)
Jul 05 16:00:45 connector kernel: ACPI: Added _OSI(Linux-HPI-Hybrid-Graphics)
Jul 05 16:00:45 connector kernel: ACPI: 2 ACPI AML tables successfully acquired and loaded
Jul 05 16:00:45 connector kernel: ACPI: Interpreter enabled
Jul 05 16:00:45 connector kernel: ACPI: PM: (supports S0 S3 S5)
Jul 05 16:00:45 connector kernel: ACPI: Using IOAPIC for interrupt routing
Jul 05 16:00:45 connector kernel: PCI: Using host bridge windows from ACPI; if necessary, use "pci=nocrs" and report a bug
Jul 05 16:00:45 connector kernel: ACPI: Enabled 3 GPEs in block 00 to 0F
Jul 05 16:00:45 connector kernel: ACPI: PCI Root Bridge [PCI0] (domain 0000 [bus 00-ff])
Jul 05 16:00:45 connector kernel: acpi PNP0A03:00: _OSC: OS supports [ASPM ClockPM Segments MSI HPX-Type3]
Jul 05 16:00:45 connector kernel: 0;1;38;5;185m0;1;39m0;1;38;5;185macpi PNP0A03:00: fail to add MMCONFIG information, can't access extended PCI configu
ration space under this bridge.0m
Jul 05 16:00:45 connector kernel: PCI host bridge to bus 0000:00
Jul 05 16:00:45 connector kernel: pci_bus 0000:00: root bus resource [io  0x0000-0x0cf7 window]
Jul 05 16:00:45 connector kernel: pci_bus 0000:00: root bus resource [io  0x0d00-0xffff window]
Jul 05 16:00:45 connector kernel: pci_bus 0000:00: root bus resource [mem 0x000a0000-0x000bffff window]
Jul 05 16:00:45 connector kernel: pci_bus 0000:00: root bus resource [mem 0xc0000000-0xfebfffff window]
Jul 05 16:00:45 connector kernel: pci_bus 0000:00: root bus resource [mem 0x100000000-0x17fffffff window]
Jul 05 16:00:45 connector kernel: pci_bus 0000:00: root bus resource [bus 00-ff]
Jul 05 16:00:45 connector kernel: pci 0000:00:00.0: [8086:1237] type 00 class 0x060000
47;0H:0;0HJul 05 16:00:45 connector kernel: pci 0000:00:01.0: [8086:7000] type 00 class 0x060100
Jul 05 16:00:45 connector kernel: pci 0000:00:01.1: [8086:7010] type 00 class 0x010180
Jul 05 16:00:45 connector kernel: pci 0000:00:01.1: reg 0x20: [io  0xe0a0-0xe0af]
Jul 05 16:00:45 connector kernel: pci 0000:00:01.1: legacy IDE quirk: reg 0x10: [io  0x01f0-0x01f7]
Jul 05 16:00:45 connector kernel: pci 0000:00:01.1: legacy IDE quirk: reg 0x14: [io  0x03f6]
Jul 05 16:00:45 connector kernel: pci 0000:00:01.1: legacy IDE quirk: reg 0x18: [io  0x0170-0x0177]
Jul 05 16:00:45 connector kernel: pci 0000:00:01.1: legacy IDE quirk: reg 0x1c: [io  0x0376]
Jul 05 16:00:45 connector kernel: pci 0000:00:01.2: [8086:7020] type 00 class 0x0c0300
Jul 05 16:00:45 connector kernel: pci 0000:00:01.2: reg 0x20: [io  0xe040-0xe05f]
Jul 05 16:00:45 connector kernel: pci 0000:00:01.3: [8086:7113] type 00 class 0x068000
Jul 05 16:00:45 connector kernel: pci 0000:00:01.3: quirk: [io  0x0600-0x063f] claimed by PIIX4 ACPI
Jul 05 16:00:45 connector kernel: pci 0000:00:01.3: quirk: [io  0x0700-0x070f] claimed by PIIX4 SMB
Jul 05 16:00:45 connector kernel: pci 0000:00:02.0: [1234:1111] type 00 class 0x030000
Jul 05 16:00:45 connector kernel: pci 0000:00:02.0: reg 0x10: [mem 0xfd000000-0xfdffffff pref]
Jul 05 16:00:45 connector kernel: pci 0000:00:02.0: reg 0x18: [mem 0xfea50000-0xfea50fff]
Jul 05 16:00:45 connector kernel: pci 0000:00:02.0: reg 0x30: [mem 0xfea40000-0xfea4ffff pref]
Jul 05 16:00:45 connector kernel: pci 0000:00:03.0: [1af4:1002] type 00 class 0x00ff00
Jul 05 16:00:45 connector kernel: pci 0000:00:03.0: reg 0x10: [io  0xe000-0xe03f]
Jul 05 16:00:45 connector kernel: pci 0000:00:03.0: reg 0x20: [mem 0xfe400000-0xfe403fff 64bit pref]
Jul 05 16:00:45 connector kernel: pci 0000:00:07.0: [8086:2922] type 00 class 0x010601
Jul 05 16:00:45 connector kernel: pci 0000:00:07.0: reg 0x20: [io  0xe060-0xe07f]
Jul 05 16:00:45 connector kernel: pci 0000:00:07.0: reg 0x24: [mem 0xfea51000-0xfea51fff]
Jul 05 16:00:45 connector kernel: pci 0000:00:12.0: [1af4:1000] type 00 class 0x020000
Jul 05 16:00:45 connector kernel: pci 0000:00:12.0: reg 0x10: [io  0xe080-0xe09f]
Jul 05 16:00:45 connector kernel: pci 0000:00:12.0: reg 0x14: [mem 0xfea52000-0xfea52fff]
Jul 05 16:00:45 connector kernel: pci 0000:00:12.0: reg 0x20: [mem 0xfe404000-0xfe407fff 64bit pref]
Jul 05 16:00:45 connector kernel: pci 0000:00:12.0: reg 0x30: [mem 0xfea00000-0xfea3ffff pref]
Jul 05 16:00:45 connector kernel: pci 0000:00:1e.0: [1b36:0001] type 01 class 0x060400
Jul 05 16:00:45 connector kernel: pci 0000:00:1e.0: reg 0x10: [mem 0xfea53000-0xfea530ff 64bit]
Jul 05 16:00:45 connector kernel: pci 0000:00:1f.0: [1b36:0001] type 01 class 0x060400
Jul 05 16:00:45 connector kernel: pci 0000:00:1f.0: reg 0x10: [mem 0xfea54000-0xfea540ff 64bit]
Jul 05 16:00:45 connector kernel: pci_bus 0000:01: extended config space not accessible
Jul 05 16:00:45 connector kernel: pci 0000:00:1e.0: PCI bridge to [bus 01]
Jul 05 16:00:45 connector kernel: pci 0000:00:1e.0:   bridge window [io  0xd000-0xdfff]
Jul 05 16:00:45 connector kernel: pci 0000:00:1e.0:   bridge window [mem 0xfe800000-0xfe9fffff]
Jul 05 16:00:45 connector kernel: pci 0000:00:1e.0:   bridge window [mem 0xfe200000-0xfe3fffff 64bit pref]
Jul 05 16:00:45 connector kernel: pci_bus 0000:02: extended config space not accessible
Jul 05 16:00:45 connector kernel: pci 0000:00:1f.0: PCI bridge to [bus 02]
Jul 05 16:00:45 connector kernel: pci 0000:00:1f.0:   bridge window [io  0xc000-0xcfff]
Jul 05 16:00:45 connector kernel: pci 0000:00:1f.0:   bridge window [mem 0xfe600000-0xfe7fffff]
Jul 05 16:00:45 connector kernel: pci 0000:00:1f.0:   bridge window [mem 0xfe000000-0xfe1fffff 64bit pref]
Jul 05 16:00:45 connector kernel: 0;38;5;245m0;1;31m0;38;5;245mpci_bus 0000:00: on NUMA node 00m
Jul 05 16:00:45 connector kernel: ACPI: PCI: Interrupt link LNKA configured for IRQ 10
Jul 05 16:00:45 connector kernel: ACPI: PCI: Interrupt link LNKB configured for IRQ 10
Jul 05 16:00:45 connector kernel: ACPI: PCI: Interrupt link LNKC configured for IRQ 11
Jul 05 16:00:45 connector kernel: ACPI: PCI: Interrupt link LNKD configured for IRQ 11
47;0H:0;0HJul 05 16:00:45 connector kernel: ACPI: PCI: Interrupt link LNKS configured for IRQ 9
Jul 05 16:00:45 connector kernel: iommu: Default domain type: Translated 
Jul 05 16:00:45 connector kernel: pci 0000:00:02.0: vgaarb: setting as boot VGA device
Jul 05 16:00:45 connector kernel: pci 0000:00:02.0: vgaarb: VGA device added: decodes=io+mem,owns=io+mem,locks=none
Jul 05 16:00:45 connector kernel: pci 0000:00:02.0: vgaarb: bridge control possible
Jul 05 16:00:45 connector kernel: vgaarb: loaded
Jul 05 16:00:45 connector kernel: 0;1;39m0;1;31m0;1;39mSCSI subsystem initialized0m
Jul 05 16:00:45 connector kernel: 0;38;5;245m0;1;31m0;38;5;245mlibata version 3.00 loaded.0m
Jul 05 16:00:45 connector kernel: ACPI: bus type USB registered
Jul 05 16:00:45 connector kernel: usbcore: registered new interface driver usbfs
Jul 05 16:00:45 connector kernel: usbcore: registered new interface driver hub
Jul 05 16:00:45 connector kernel: usbcore: registered new device driver usb
Jul 05 16:00:45 connector kernel: pps_core: LinuxPPS API ver. 1 registered
Jul 05 16:00:45 connector kernel: pps_core: Software ver. 5.3.6 - Copyright 2005-2007 Rodolfo Giometti <giometti@linux.it>
Jul 05 16:00:45 connector kernel: PTP clock support registered
Jul 05 16:00:45 connector kernel: Advanced Linux Sound Architecture Driver Initialized.
Jul 05 16:00:45 connector kernel: Bluetooth: Core ver 2.22
Jul 05 16:00:45 connector kernel: NET: Registered PF_BLUETOOTH protocol family
Jul 05 16:00:45 connector kernel: Bluetooth: HCI device and connection manager initialized
Jul 05 16:00:45 connector kernel: Bluetooth: HCI socket layer initialized
Jul 05 16:00:45 connector kernel: Bluetooth: L2CAP socket layer initialized
Jul 05 16:00:45 connector kernel: Bluetooth: SCO socket layer initialized
Jul 05 16:00:45 connector kernel: PCI: Using ACPI for IRQ routing
Jul 05 16:00:45 connector kernel: 0;38;5;245m0;1;31m0;38;5;245mPCI: pci_cache_line_size set to 64 bytes0m
Jul 05 16:00:45 connector kernel: 0;38;5;245m0;1;31m0;38;5;245me820: reserve RAM buffer [mem 0x0009fc00-0x0009ffff]0m
Jul 05 16:00:45 connector kernel: 0;38;5;245m0;1;31m0;38;5;245me820: reserve RAM buffer [mem 0xbffde000-0xbfffffff]0m
Jul 05 16:00:45 connector kernel: hpet: 3 channels of 0 reserved for per-cpu timers
Jul 05 16:00:45 connector kernel: hpet0: at MMIO 0xfed00000, IRQs 2, 8, 0
Jul 05 16:00:45 connector kernel: hpet0: 3 comparators, 64-bit 100.000000 MHz counter
Jul 05 16:00:45 connector kernel: clocksource: Switched to clocksource kvm-clock
Jul 05 16:00:45 connector kernel: pnp: PnP ACPI init
Jul 05 16:00:45 connector kernel: 0;38;5;245m0;1;31m0;38;5;245mpnp 00:02: [dma 2]0m
Jul 05 16:00:45 connector kernel: pnp: PnP ACPI: found 4 devices
Jul 05 16:00:45 connector kernel: clocksource: acpi_pm: mask: 0xffffff max_cycles: 0xffffff, max_idle_ns: 2085701024 ns
Jul 05 16:00:45 connector kernel: NET: Registered PF_INET protocol family
Jul 05 16:00:45 connector kernel: IP idents hash table entries: 65536 (order: 7, 524288 bytes, linear)
Jul 05 16:00:45 connector kernel: tcp_listen_portaddr_hash hash table entries: 2048 (order: 3, 32768 bytes, linear)
Jul 05 16:00:45 connector kernel: TCP established hash table entries: 32768 (order: 6, 262144 bytes, linear)
Jul 05 16:00:45 connector kernel: TCP bind hash table entries: 32768 (order: 7, 524288 bytes, linear)
Jul 05 16:00:45 connector kernel: TCP: Hash tables configured (established 32768 bind 32768)
Jul 05 16:00:45 connector kernel: UDP hash table entries: 2048 (order: 4, 65536 bytes, linear)
Jul 05 16:00:45 connector kernel: UDP-Lite hash table entries: 2048 (order: 4, 65536 bytes, linear)
Jul 05 16:00:45 connector kernel: NET: Registered PF_UNIX/PF_LOCAL protocol family
Jul 05 16:00:45 connector kernel: RPC: Registered named UNIX socket transport module.
Jul 05 16:00:45 connector kernel: RPC: Registered udp transport module.
Jul 05 16:00:45 connector kernel: RPC: Registered tcp transport module.
47;0H:0;0HJul 05 16:00:45 connector kernel: RPC: Registered tcp NFSv4.1 backchannel transport module.
Jul 05 16:00:45 connector kernel: pci 0000:00:1e.0: PCI bridge to [bus 01]
Jul 05 16:00:45 connector kernel: pci 0000:00:1e.0:   bridge window [io  0xd000-0xdfff]
Jul 05 16:00:45 connector kernel: pci 0000:00:1e.0:   bridge window [mem 0xfe800000-0xfe9fffff]
Jul 05 16:00:45 connector kernel: pci 0000:00:1e.0:   bridge window [mem 0xfe200000-0xfe3fffff 64bit pref]
Jul 05 16:00:45 connector kernel: pci 0000:00:1f.0: PCI bridge to [bus 02]
Jul 05 16:00:45 connector kernel: pci 0000:00:1f.0:   bridge window [io  0xc000-0xcfff]
Jul 05 16:00:45 connector kernel: pci 0000:00:1f.0:   bridge window [mem 0xfe600000-0xfe7fffff]
Jul 05 16:00:45 connector kernel: pci 0000:00:1f.0:   bridge window [mem 0xfe000000-0xfe1fffff 64bit pref]
Jul 05 16:00:45 connector kernel: pci_bus 0000:00: resource 4 [io  0x0000-0x0cf7 window]
Jul 05 16:00:45 connector kernel: pci_bus 0000:00: resource 5 [io  0x0d00-0xffff window]
Jul 05 16:00:45 connector kernel: pci_bus 0000:00: resource 6 [mem 0x000a0000-0x000bffff window]
Jul 05 16:00:45 connector kernel: pci_bus 0000:00: resource 7 [mem 0xc0000000-0xfebfffff window]
Jul 05 16:00:45 connector kernel: pci_bus 0000:00: resource 8 [mem 0x100000000-0x17fffffff window]
Jul 05 16:00:45 connector kernel: pci_bus 0000:01: resource 0 [io  0xd000-0xdfff]
Jul 05 16:00:45 connector kernel: pci_bus 0000:01: resource 1 [mem 0xfe800000-0xfe9fffff]
Jul 05 16:00:45 connector kernel: pci_bus 0000:01: resource 2 [mem 0xfe200000-0xfe3fffff 64bit pref]
Jul 05 16:00:45 connector kernel: pci_bus 0000:02: resource 0 [io  0xc000-0xcfff]
Jul 05 16:00:45 connector kernel: pci_bus 0000:02: resource 1 [mem 0xfe600000-0xfe7fffff]
Jul 05 16:00:45 connector kernel: pci_bus 0000:02: resource 2 [mem 0xfe000000-0xfe1fffff 64bit pref]
Jul 05 16:00:45 connector kernel: pci 0000:00:01.0: PIIX3: Enabling Passive Release
Jul 05 16:00:45 connector kernel: pci 0000:00:00.0: Limiting direct PCI/PCI transfers
Jul 05 16:00:45 connector kernel: pci 0000:00:01.0: Activating ISA DMA hang workarounds
Jul 05 16:00:45 connector kernel: ACPI: \_SB_.LNKD: Enabled at IRQ 11
Jul 05 16:00:45 connector kernel: pci 0000:00:01.2: quirk_usb_early_handoff+0x0/0x6d0 took 22169 usecs
Jul 05 16:00:45 connector kernel: pci 0000:00:02.0: Video device with shadowed ROM at [mem 0x000c0000-0x000dffff]
Jul 05 16:00:45 connector kernel: PCI: CLS 0 bytes, default 64
Jul 05 16:00:45 connector kernel: clocksource: tsc: mask: 0xffffffffffffffff max_cycles: 0x6a8d7dfcf3b, max_idle_ns: 881591088401 ns
Jul 05 16:00:45 connector kernel: 0;1;39m0;1;31m0;1;39mInitialise system trusted keyrings0m
Jul 05 16:00:45 connector kernel: workingset: timestamp_bits=46 max_order=20 bucket_order=0
Jul 05 16:00:45 connector kernel: 0;1;39m0;1;31m0;1;39mNFS: Registering the id_resolver key type0m
Jul 05 16:00:45 connector kernel: 0;1;39m0;1;31m0;1;39mKey type id_resolver registered0m
Jul 05 16:00:45 connector kernel: 0;1;39m0;1;31m0;1;39mKey type id_legacy registered0m
Jul 05 16:00:45 connector kernel: 0;1;39m0;1;31m0;1;39mKey type cifs.idmap registered0m
Jul 05 16:00:45 connector kernel: xor: measuring software checksum speed
Jul 05 16:00:45 connector kernel:    prefetch64-sse  : 25825 MB/sec
Jul 05 16:00:45 connector kernel:    generic_sse     : 16543 MB/sec
Jul 05 16:00:45 connector kernel: xor: using function: prefetch64-sse (25825 MB/sec)
Jul 05 16:00:45 connector kernel: 0;1;39m0;1;31m0;1;39mKey type asymmetric registered0m
Jul 05 16:00:45 connector kernel: 0;1;39m0;1;31m0;1;39mAsymmetric key parser 'x509' registered0m
Jul 05 16:00:45 connector kernel: Block layer SCSI generic (bsg) driver version 0.4 loaded (major 250)
Jul 05 16:00:45 connector kernel: io scheduler mq-deadline registered
Jul 05 16:00:45 connector kernel: io scheduler kyber registered
Jul 05 16:00:45 connector kernel: input: Power Button as /devices/LNXSYSTM:00/LNXPWRBN:00/input/input0
Jul 05 16:00:45 connector kernel: ACPI: button: Power Button [PWRF]
Jul 05 16:00:45 connector kernel: ACPI: \_SB_.LNKC: Enabled at IRQ 10
47;0H:0;0HJul 05 16:00:45 connector kernel: ACPI: \_SB_.LNKB: Enabled at IRQ 10
Jul 05 16:00:45 connector kernel: Free page reporting enabled
Jul 05 16:00:45 connector kernel: Serial: 8250/16550 driver, 4 ports, IRQ sharing disabled
Jul 05 16:00:45 connector kernel: Linux agpgart interface v0.103
Jul 05 16:00:45 connector kernel: brd: module loaded
Jul 05 16:00:45 connector kernel: loop: module loaded
Jul 05 16:00:45 connector kernel: rbd: loaded (major 251)
Jul 05 16:00:45 connector kernel: mtip32xx Version 1.3.1
Jul 05 16:00:45 connector kernel: null_blk: module loaded
Jul 05 16:00:45 connector kernel: megaraid cmm: 2.20.2.7 (Release Date: Sun Jul 16 00:01:03 EST 2006)
Jul 05 16:00:45 connector kernel: megaraid: 2.20.5.1 (Release Date: Thu Nov 16 15:32:35 EST 2006)
Jul 05 16:00:45 connector kernel: megasas: 07.717.02.00-rc1
Jul 05 16:00:45 connector kernel: mpt3sas version 37.101.00.00 loaded
Jul 05 16:00:45 connector kernel: hv_vmbus: registering driver hv_storvsc
Jul 05 16:00:45 connector kernel: SCSI Media Changer driver v0.25 
Jul 05 16:00:45 connector kernel: 0;38;5;245m0;1;31m0;38;5;245mahci 0000:00:07.0: version 3.00m
Jul 05 16:00:45 connector kernel: FDC 0 is a S82078B
Jul 05 16:00:45 connector kernel: ahci 0000:00:07.0: AHCI 0001.0000 32 slots 6 ports 1.5 Gbps 0x3f impl SATA mode
Jul 05 16:00:45 connector kernel: ahci 0000:00:07.0: flags: 64bit ncq only 
Jul 05 16:00:45 connector kernel: scsi host0: ahci
Jul 05 16:00:45 connector kernel: scsi host1: ahci
Jul 05 16:00:45 connector kernel: scsi host2: ahci
Jul 05 16:00:45 connector kernel: scsi host3: ahci
Jul 05 16:00:45 connector kernel: scsi host4: ahci
Jul 05 16:00:45 connector kernel: scsi host5: ahci
Jul 05 16:00:45 connector kernel: ata1: SATA max UDMA/133 abar m4096@0xfea51000 port 0xfea51100 irq 24
Jul 05 16:00:45 connector kernel: ata2: SATA max UDMA/133 abar m4096@0xfea51000 port 0xfea51180 irq 24
Jul 05 16:00:45 connector kernel: ata3: SATA max UDMA/133 abar m4096@0xfea51000 port 0xfea51200 irq 24
Jul 05 16:00:45 connector kernel: ata4: SATA max UDMA/133 abar m4096@0xfea51000 port 0xfea51280 irq 24
Jul 05 16:00:45 connector kernel: ata5: SATA max UDMA/133 abar m4096@0xfea51000 port 0xfea51300 irq 24
Jul 05 16:00:45 connector kernel: ata6: SATA max UDMA/133 abar m4096@0xfea51000 port 0xfea51380 irq 24
Jul 05 16:00:45 connector kernel: 0;38;5;245m0;1;31m0;38;5;245mata_piix 0000:00:01.1: version 2.130m
Jul 05 16:00:45 connector kernel: scsi host6: ata_piix
Jul 05 16:00:45 connector kernel: scsi host7: ata_piix
Jul 05 16:00:45 connector kernel: ata7: PATA max MWDMA2 cmd 0x1f0 ctl 0x3f6 bmdma 0xe0a0 irq 14
Jul 05 16:00:45 connector kernel: ata8: PATA max MWDMA2 cmd 0x170 ctl 0x376 bmdma 0xe0a8 irq 15
Jul 05 16:00:45 connector kernel: e100: Intel(R) PRO/100 Network Driver
Jul 05 16:00:45 connector kernel: e100: Copyright(c) 1999-2006 Intel Corporation
Jul 05 16:00:45 connector kernel: e1000: Intel(R) PRO/1000 Network Driver
Jul 05 16:00:45 connector kernel: e1000: Copyright (c) 1999-2006 Intel Corporation.
Jul 05 16:00:45 connector kernel: e1000e: Intel(R) PRO/1000 Network Driver
Jul 05 16:00:45 connector kernel: e1000e: Copyright(c) 1999 - 2015 Intel Corporation.
Jul 05 16:00:45 connector kernel: igb: Intel(R) Gigabit Ethernet Network Driver
Jul 05 16:00:45 connector kernel: igb: Copyright (c) 2007-2014 Intel Corporation.
Jul 05 16:00:45 connector kernel: QLogic/NetXen Network Driver v4.0.82
Jul 05 16:00:45 connector kernel: VMware vmxnet3 virtual NIC driver - version 1.5.0.0-k-NAPI
47;0H:0;0HJul 05 16:00:45 connector kernel: hv_vmbus: registering driver hv_netvsc
Jul 05 16:00:45 connector kernel: 0;1;38;5;185m0;1;39m0;1;38;5;185mparide: aten registered as protocol 00m
Jul 05 16:00:45 connector kernel: 0;1;38;5;185m0;1;39m0;1;38;5;185mparide: bpck registered as protocol 10m
Jul 05 16:00:45 connector kernel: 0;1;38;5;185m0;1;39m0;1;38;5;185mparide: comm registered as protocol 20m
Jul 05 16:00:45 connector kernel: 0;1;38;5;185m0;1;39m0;1;38;5;185mparide: dstr registered as protocol 30m
Jul 05 16:00:45 connector kernel: 0;1;38;5;185m0;1;39m0;1;38;5;185mparide: k951 registered as protocol 40m
Jul 05 16:00:45 connector kernel: 0;1;38;5;185m0;1;39m0;1;38;5;185mparide: k971 registered as protocol 50m
Jul 05 16:00:45 connector kernel: 0;1;38;5;185m0;1;39m0;1;38;5;185mparide: epat registered as protocol 60m
Jul 05 16:00:45 connector kernel: 0;1;38;5;185m0;1;39m0;1;38;5;185mparide: epia registered as protocol 70m
Jul 05 16:00:45 connector kernel: 0;1;38;5;185m0;1;39m0;1;38;5;185mparide: frpw registered as protocol 80m
Jul 05 16:00:45 connector kernel: 0;1;38;5;185m0;1;39m0;1;38;5;185mparide: friq registered as protocol 90m
Jul 05 16:00:45 connector kernel: 0;1;38;5;185m0;1;39m0;1;38;5;185mparide: fit2 registered as protocol 100m
Jul 05 16:00:45 connector kernel: 0;1;38;5;185m0;1;39m0;1;38;5;185mparide: fit3 registered as protocol 110m
Jul 05 16:00:45 connector kernel: 0;1;38;5;185m0;1;39m0;1;38;5;185mparide: on20 registered as protocol 120m
Jul 05 16:00:45 connector kernel: 0;1;38;5;185m0;1;39m0;1;38;5;185mparide: on26 registered as protocol 130m
Jul 05 16:00:45 connector kernel: 0;1;38;5;185m0;1;39m0;1;38;5;185mparide: ktti registered as protocol 140m
Jul 05 16:00:45 connector kernel: 0;1;38;5;185m0;1;39m0;1;38;5;185mpd: pd version 1.05, major 45, cluster 64, nice 00m
Jul 05 16:00:45 connector kernel: 0;1;38;5;185m0;1;39m0;1;38;5;185mpda: Autoprobe failed0m
Jul 05 16:00:45 connector kernel: 0;1;38;5;185m0;1;39m0;1;38;5;185mpd: no valid drive found0m
Jul 05 16:00:45 connector kernel: 0;1;38;5;185m0;1;39m0;1;38;5;185mpcd: pcd version 1.07, major 46, nice 00m
Jul 05 16:00:45 connector kernel: 0;1;38;5;185m0;1;39m0;1;38;5;185mpcd0: Autoprobe failed0m
Jul 05 16:00:45 connector kernel: 0;1;38;5;185m0;1;39m0;1;38;5;185mpcd: No CD-ROM drive found0m
Jul 05 16:00:45 connector kernel: 0;1;38;5;185m0;1;39m0;1;38;5;185mpf: pf version 1.04, major 47, cluster 64, nice 00m
Jul 05 16:00:45 connector kernel: 0;1;38;5;185m0;1;39m0;1;38;5;185mpf: No ATAPI disk detected0m
Jul 05 16:00:45 connector kernel: 0;1;38;5;185m0;1;39m0;1;38;5;185mpt: pt version 1.04, major 960m
Jul 05 16:00:45 connector kernel: 0;1;38;5;185m0;1;39m0;1;38;5;185mpt0: Autoprobe failed0m
Jul 05 16:00:45 connector kernel: 0;1;38;5;185m0;1;39m0;1;38;5;185mpt: No ATAPI tape drive detected0m
Jul 05 16:00:45 connector kernel: 0;1;38;5;185m0;1;39m0;1;38;5;185mpg: pg version 1.02, major 970m
Jul 05 16:00:45 connector kernel: 0;1;38;5;185m0;1;39m0;1;38;5;185mpga: Autoprobe failed0m
Jul 05 16:00:45 connector kernel: 0;1;38;5;185m0;1;39m0;1;38;5;185mpg: No ATAPI device detected0m
Jul 05 16:00:45 connector kernel: ehci_hcd: USB 2.0 'Enhanced' Host Controller (EHCI) Driver
Jul 05 16:00:45 connector kernel: ehci-pci: EHCI PCI platform driver
Jul 05 16:00:45 connector kernel: ohci_hcd: USB 1.1 'Open' Host Controller (OHCI) Driver
Jul 05 16:00:45 connector kernel: ohci-pci: OHCI PCI platform driver
Jul 05 16:00:45 connector kernel: uhci_hcd: USB Universal Host Controller Interface driver
Jul 05 16:00:45 connector kernel: uhci_hcd 0000:00:01.2: UHCI Host Controller
Jul 05 16:00:45 connector kernel: uhci_hcd 0000:00:01.2: new USB bus registered, assigned bus number 1
Jul 05 16:00:45 connector kernel: uhci_hcd 0000:00:01.2: irq 11, io base 0x0000e040
Jul 05 16:00:45 connector kernel: hub 1-0:1.0: USB hub found
Jul 05 16:00:45 connector kernel: hub 1-0:1.0: 2 ports detected
Jul 05 16:00:45 connector kernel: usbcore: registered new interface driver usb-storage
Jul 05 16:00:45 connector kernel: usbcore: registered new interface driver usbserial_generic
Jul 05 16:00:45 connector kernel: usbserial: USB Serial support registered for generic
Jul 05 16:00:45 connector kernel: usbcore: registered new interface driver ftdi_sio
Jul 05 16:00:45 connector kernel: usbserial: USB Serial support registered for FTDI USB Serial Device
Jul 05 16:00:45 connector kernel: usbcore: registered new interface driver pl2303
47;0H:0;0HJul 05 16:00:45 connector kernel: usbserial: USB Serial support registered for pl2303
Jul 05 16:00:45 connector kernel: i8042: PNP: PS/2 Controller [PNP0303:KBD,PNP0f13:MOU] at 0x60,0x64 irq 1,12
Jul 05 16:00:45 connector kernel: serio: i8042 KBD port at 0x60,0x64 irq 1
Jul 05 16:00:45 connector kernel: serio: i8042 AUX port at 0x60,0x64 irq 12
Jul 05 16:00:45 connector kernel: hv_vmbus: registering driver hyperv_keyboard
Jul 05 16:00:45 connector kernel: mousedev: PS/2 mouse device common for all mice
Jul 05 16:00:45 connector kernel: rtc_cmos 00:03: RTC can wake from S4
Jul 05 16:00:45 connector kernel: input: AT Translated Set 2 keyboard as /devices/platform/i8042/serio0/input/input1
Jul 05 16:00:45 connector kernel: rtc_cmos 00:03: registered as rtc0
Jul 05 16:00:45 connector kernel: rtc_cmos 00:03: setting system clock to 2023-07-05T16:00:43 UTC (1688572843)
Jul 05 16:00:45 connector kernel: rtc_cmos 00:03: alarms up to one day, y3k, 242 bytes nvram, hpet irqs
Jul 05 16:00:45 connector kernel: device-mapper: ioctl: 4.45.0-ioctl (2021-03-22) initialised: dm-devel@redhat.com
Jul 05 16:00:45 connector kernel: intel_pstate: CPU model not supported
Jul 05 16:00:45 connector kernel: sdhci: Secure Digital Host Controller Interface driver
Jul 05 16:00:45 connector kernel: sdhci: Copyright(c) Pierre Ossman
Jul 05 16:00:45 connector kernel: sdhci-pltfm: SDHCI platform and OF driver helper
Jul 05 16:00:45 connector kernel: usbcore: registered new interface driver usbhid
Jul 05 16:00:45 connector kernel: usbhid: USB HID core driver
Jul 05 16:00:45 connector kernel: u32 classifier
Jul 05 16:00:45 connector kernel:     input device check on
Jul 05 16:00:45 connector kernel:     Actions configured
Jul 05 16:00:45 connector kernel: NET: Registered PF_INET6 protocol family
Jul 05 16:00:45 connector kernel: Segment Routing with IPv6
Jul 05 16:00:45 connector kernel: sit: IPv6, IPv4 and MPLS over IPv4 tunneling driver
Jul 05 16:00:45 connector kernel: NET: Registered PF_PACKET protocol family
Jul 05 16:00:45 connector kernel: 0;1;39m0;1;31m0;1;39mBridge firewalling registered0m
Jul 05 16:00:45 connector kernel: 8021q: 802.1Q VLAN Support v1.8
Jul 05 16:00:45 connector kernel: 0;1;39m0;1;31m0;1;39mKey type dns_resolver registered0m
Jul 05 16:00:45 connector kernel: 0;1;39m0;1;31m0;1;39mKey type ceph registered0m
Jul 05 16:00:45 connector kernel: libceph: loaded (mon/osd proto 15/24)
Jul 05 16:00:45 connector kernel: NET: Registered PF_VSOCK protocol family
Jul 05 16:00:45 connector kernel: IPI shorthand broadcast: enabled
Jul 05 16:00:45 connector kernel: sched_clock: Marking stable (587775500, 29731105)->(621772649, -4266044)
Jul 05 16:00:45 connector kernel: 0;1;39m0;1;31m0;1;39mLoading compiled-in X.509 certificates0m
Jul 05 16:00:45 connector kernel: 0;1;39m0;1;31m0;1;39mKey type ._fscrypt registered0m
Jul 05 16:00:45 connector kernel: 0;1;39m0;1;31m0;1;39mKey type .fscrypt registered0m
Jul 05 16:00:45 connector kernel: 0;1;39m0;1;31m0;1;39mKey type fscrypt-provisioning registered0m
Jul 05 16:00:45 connector kernel: Btrfs loaded, crc32c=crc32c-generic, zoned=no
Jul 05 16:00:45 connector kernel: 0;1;39m0;1;31m0;1;39mKey type encrypted registered0m
Jul 05 16:00:45 connector kernel: printk: console [netcon0] enabled
Jul 05 16:00:45 connector kernel: netconsole: network logging started
Jul 05 16:00:45 connector kernel: ALSA device list:
Jul 05 16:00:45 connector kernel:   No soundcards found.
Jul 05 16:00:45 connector kernel: 0;38;5;245m0;1;31m0;38;5;245mata8.01: NODEV after polling detection0m
Jul 05 16:00:45 connector kernel: ata8.00: ATAPI: QEMU DVD-ROM, 2.5+, max UDMA/100
Jul 05 16:00:45 connector kernel: usb 1-1: new full-speed USB device number 2 using uhci_hcd
47;0H:0;0HJul 05 16:00:45 connector kernel: ata4: SATA link down (SStatus 0 SControl 300)
Jul 05 16:00:45 connector kernel: ata2: SATA link down (SStatus 0 SControl 300)
Jul 05 16:00:45 connector kernel: ata5: SATA link down (SStatus 0 SControl 300)
Jul 05 16:00:45 connector kernel: ata3: SATA link down (SStatus 0 SControl 300)
Jul 05 16:00:45 connector kernel: ata6: SATA link down (SStatus 0 SControl 300)
Jul 05 16:00:45 connector kernel: ata1: SATA link up 1.5 Gbps (SStatus 113 SControl 300)
Jul 05 16:00:45 connector kernel: ata1.00: ATA-7: QEMU HARDDISK, 2.5+, max UDMA/100
Jul 05 16:00:45 connector kernel: ata1.00: 20971520 sectors, multi 16: LBA48 NCQ (depth 32)
Jul 05 16:00:45 connector kernel: ata1.00: applying bridge limits
Jul 05 16:00:45 connector kernel: ata1.00: configured for UDMA/100
Jul 05 16:00:45 connector kernel: 0;1;39m0;1;31m0;1;39mscsi 0:0:0:0: Direct-Access     ATA      QEMU HARDDISK    2.5+ PQ: 0 ANSI: 50m
Jul 05 16:00:45 connector kernel: 0;1;39m0;1;31m0;1;39msd 0:0:0:0: [sda] 20971520 512-byte logical blocks: (10.7 GB/10.0 GiB)0m
Jul 05 16:00:45 connector kernel: 0;1;39m0;1;31m0;1;39msd 0:0:0:0: [sda] Write Protect is off0m
Jul 05 16:00:45 connector kernel: 0;38;5;245m0;1;31m0;38;5;245msd 0:0:0:0: [sda] Mode Sense: 00 3a 00 000m
Jul 05 16:00:45 connector kernel: 0;1;39m0;1;31m0;1;39msd 0:0:0:0: [sda] Write cache: enabled, read cache: enabled, doesn't support DPO or FUA0m
Jul 05 16:00:45 connector kernel: 0;1;39m0;1;31m0;1;39msd 0:0:0:0: Attached scsi generic sg0 type 00m
Jul 05 16:00:45 connector kernel: 0;1;39m0;1;31m0;1;39mscsi 7:0:0:0: CD-ROM            QEMU     QEMU DVD-ROM     2.5+ PQ: 0 ANSI: 50m
Jul 05 16:00:45 connector kernel: sr 7:0:0:0: [sr0] scsi3-mmc drive: 4x/4x cd/rw xa/form2 tray
Jul 05 16:00:45 connector kernel: cdrom: Uniform CD-ROM driver Revision: 3.20
Jul 05 16:00:45 connector kernel:  sda: sda1 sda2 sda3 sda4
Jul 05 16:00:45 connector kernel: 0;1;39m0;1;31m0;1;39msd 0:0:0:0: [sda] Attached SCSI disk0m
Jul 05 16:00:45 connector kernel: 0;38;5;245m0;1;31m0;38;5;245msr 7:0:0:0: Attached scsi CD-ROM sr00m
Jul 05 16:00:45 connector kernel: 0;1;39m0;1;31m0;1;39msr 7:0:0:0: Attached scsi generic sg1 type 50m
Jul 05 16:00:45 connector kernel: input: QEMU QEMU USB Tablet as /devices/pci0000:00/0000:00:01.2/usb1/1-1/1-1:1.0/0003:0627:0001.0001/input/input4
Jul 05 16:00:45 connector kernel: hid-generic 0003:0627:0001.0001: input: USB HID v0.01 Mouse [QEMU QEMU USB Tablet] on usb-0000:00:01.2-1/input0
Jul 05 16:00:45 connector kernel: input: ImExPS/2 Generic Explorer Mouse as /devices/platform/i8042/serio1/input/input3
Jul 05 16:00:45 connector kernel: 0;1;39m0;1;31m0;1;39mrandom: fast init done0m
Jul 05 16:00:45 connector kernel: md: Waiting for all devices to be available before autodetect
Jul 05 16:00:45 connector kernel: md: If you don't use raid, use raid=noautodetect
Jul 05 16:00:45 connector kernel: md: Autodetecting RAID arrays.
Jul 05 16:00:45 connector kernel: md: autorun ...
Jul 05 16:00:45 connector kernel: md: ... autorun DONE.
Jul 05 16:00:45 connector kernel: EXT4-fs (sda3): mounted filesystem with ordered data mode. Opts: (null). Quota mode: disabled.
Jul 05 16:00:45 connector kernel: VFS: Mounted root (ext4 filesystem) on device 8:3.
Jul 05 16:00:45 connector kernel: devtmpfs: mounted
Jul 05 16:00:45 connector kernel: Freeing unused kernel image (initmem) memory: 1900K
Jul 05 16:00:45 connector kernel: Write protecting the kernel read-only data: 24576k
Jul 05 16:00:45 connector kernel: Freeing unused kernel image (text/rodata gap) memory: 2032K
Jul 05 16:00:45 connector kernel: Freeing unused kernel image (rodata/data gap) memory: 116K
Jul 05 16:00:45 connector kernel: Run /sbin/init as init process
Jul 05 16:00:45 connector kernel: 0;38;5;245m0;1;31m0;38;5;245m  with arguments:0m
Jul 05 16:00:45 connector kernel: 0;38;5;245m0;1;31m0;38;5;245m    /sbin/init0m
Jul 05 16:00:45 connector kernel: 0;38;5;245m0;1;31m0;38;5;245m  with environment:0m
Jul 05 16:00:45 connector kernel: 0;38;5;245m0;1;31m0;38;5;245m    HOME=/0m
Jul 05 16:00:45 connector kernel: 0;38;5;245m0;1;31m0;38;5;245m    TERM=linux0m
Jul 05 16:00:45 connector kernel: 0;38;5;245m0;1;31m0;38;5;245m    BOOT_IMAGE=/bzImage0m
47;0H:0;0HJul 05 16:00:45 connector systemd[1]: systemd 249.3+ running in system mode (+PAM -AUDIT -SELINUX -APPARMOR +IMA -SMACK +SECCOMP -GCRYPT -GNUTLS -OPENSSL +AC
L +BLKID -CURL -ELFUTILS -FIDO2 -IDN2 -IDN -IPTC +KMOD -LIBCRYPTSETUP +LIBFDISK -PCRE2 -PWQUALITY -P11KIT -QRENCODE -BZIP2 -LZ4 -XZ -ZLIB +ZSTD +XKBCOMMON +U
TMP +SYSVINIT default-hierarchy=hybrid)
Jul 05 16:00:45 connector systemd[1]: Detected virtualization kvm.
Jul 05 16:00:45 connector systemd[1]: Detected architecture x86-64.
Jul 05 16:00:45 connector systemd[1]: Hostname set to <connector>.
Jul 05 16:00:45 connector kernel: 0;1;39m0;1;31m0;1;39mrandom: crng init done0m
Jul 05 16:00:45 connector systemd[1]: Queued start job for default target Multi-User System.
Jul 05 16:00:45 connector systemd[1]: Created slice Slice /system/getty.
Jul 05 16:00:45 connector systemd[1]: Created slice Slice /system/modprobe.
Jul 05 16:00:45 connector systemd[1]: Created slice Slice /system/serial-getty.
Jul 05 16:00:45 connector systemd[1]: Created slice Slice /system/systemd-fsck.
Jul 05 16:00:45 connector systemd[1]: Created slice User and Session Slice.
Jul 05 16:00:45 connector systemd[1]: Started Dispatch Password Requests to Console Directory Watch.
Jul 05 16:00:45 connector systemd[1]: Started Forward Password Requests to Wall Directory Watch.
Jul 05 16:00:45 connector systemd[1]: Reached target Path Units.
Jul 05 16:00:45 connector systemd[1]: Reached target Remote File Systems.
Jul 05 16:00:45 connector systemd[1]: Reached target Slice Units.
Jul 05 16:00:45 connector systemd[1]: Listening on Syslog Socket.
Jul 05 16:00:45 connector systemd[1]: Listening on initctl Compatibility Named Pipe.
Jul 05 16:00:45 connector systemd[1]: Condition check resulted in Journal Audit Socket being skipped.
Jul 05 16:00:45 connector systemd[1]: Listening on Journal Socket (/dev/log).
Jul 05 16:00:45 connector systemd[1]: Listening on Journal Socket.
Jul 05 16:00:45 connector systemd[1]: Listening on Network Service Netlink Socket.
Jul 05 16:00:45 connector systemd[1]: Listening on udev Control Socket.
Jul 05 16:00:45 connector systemd[1]: Listening on udev Kernel Socket.
Jul 05 16:00:45 connector systemd[1]: Listening on User Database Manager Socket.
Jul 05 16:00:45 connector systemd[1]: Condition check resulted in Huge Pages File System being skipped.
Jul 05 16:00:45 connector systemd[1]: Mounting POSIX Message Queue File System...
Jul 05 16:00:45 connector systemd[1]: Mounting Kernel Debug File System...
Jul 05 16:00:45 connector systemd[1]: Mounting Kernel Trace File System...
Jul 05 16:00:45 connector systemd[1]: Condition check resulted in Create List of Static Device Nodes being skipped.
Jul 05 16:00:45 connector systemd[1]: Starting Load Kernel Module configfs...
Jul 05 16:00:45 connector systemd[1]: Starting Load Kernel Module drm...
Jul 05 16:00:45 connector systemd[1]: Starting Load Kernel Module fuse...
Jul 05 16:00:45 connector systemd[1]: Condition check resulted in OpenVSwitch configuration for cleanup being skipped.
Jul 05 16:00:45 connector systemd[1]: Condition check resulted in File System Check on Root Device being skipped.
Jul 05 16:00:45 connector systemd[1]: Starting Journal Service...
Jul 05 16:00:45 connector systemd[1]: Condition check resulted in Load Kernel Modules being skipped.
Jul 05 16:00:45 connector systemd[1]: Starting Remount Root and Kernel File Systems...
Jul 05 16:00:45 connector systemd[1]: Starting Apply Kernel Variables...
Jul 05 16:00:45 connector systemd[1]: Starting Coldplug All udev Devices...
Jul 05 16:00:45 connector kernel: EXT4-fs (sda3): re-mounted. Opts: (null). Quota mode: disabled.
Jul 05 16:00:45 connector systemd[1]: Mounted POSIX Message Queue File System.
Jul 05 16:00:45 connector systemd[1]: Mounted Kernel Debug File System.
Jul 05 16:00:45 connector systemd[1]: Mounted Kernel Trace File System.
47;0H:0;0HJul 05 16:00:45 connector systemd[1]: modprobe@configfs.service: Deactivated successfully.
Jul 05 16:00:45 connector systemd[1]: Finished Load Kernel Module configfs.
Jul 05 16:00:45 connector systemd[1]: modprobe@drm.service: Deactivated successfully.
Jul 05 16:00:45 connector systemd[1]: Finished Load Kernel Module drm.
Jul 05 16:00:45 connector systemd[1]: modprobe@fuse.service: Deactivated successfully.
Jul 05 16:00:45 connector systemd[1]: Finished Load Kernel Module fuse.
Jul 05 16:00:45 connector systemd[1]: Finished Remount Root and Kernel File Systems.
Jul 05 16:00:45 connector systemd[1]: Condition check resulted in FUSE Control File System being skipped.
Jul 05 16:00:45 connector systemd[1]: Mounting Kernel Configuration File System...
Jul 05 16:00:45 connector systemd[1]: Condition check resulted in Rebuild Hardware Database being skipped.
Jul 05 16:00:45 connector systemd[1]: Condition check resulted in Platform Persistent Storage Archival being skipped.
Jul 05 16:00:45 connector systemd[1]: Condition check resulted in Create System Users being skipped.
Jul 05 16:00:45 connector systemd[1]: Starting Create Static Device Nodes in /dev...
Jul 05 16:00:45 connector systemd[1]: Mounted Kernel Configuration File System.
Jul 05 16:00:45 connector systemd-journald[528]: Journal started
Jul 05 16:00:45 connector systemd-journald[528]: Runtime Journal (/run/log/journal/dc9589fbdbf545cf9f838b6fa42d5db8) is 8.0M, max 64.0M, 56.0M free.
Jul 05 16:00:45 connector systemd[1]: Started Journal Service.
Jul 05 16:00:45 connector systemd[1]: Starting Flush Journal to Persistent Storage...
Jul 05 16:00:45 connector systemd[1]: Finished Apply Kernel Variables.
Jul 05 16:00:45 connector systemd-tmpfiles[538]: 0;1;39m7m[m]8;;file://connector/etc/tmpfiles.d/pam.conf7mGm/etc/t0;1;31m0;1;39mmpfiles.d/pam.conf7m[m]8;;7mGm:1: L
ine references path below legacy directory /var/run/, updating /var/run/sepermit  /run/sepermit; please update the tmpfiles.d/ drop-in file accordingly.
0m
Jul 05 16:00:45 connector systemd-journald[528]: Runtime Journal (/run/log/journal/dc9589fbdbf545cf9f838b6fa42d5db8) is 8.0M, max 64.0M, 56.0M free.
Jul 05 16:00:45 connector systemd[1]: Finished Flush Journal to Persistent Storage.
Jul 05 16:00:45 connector systemd[1]: Finished Coldplug All udev Devices.
Jul 05 16:00:45 connector systemd[1]: Starting Wait for udev To Complete Device Initialization...
Jul 05 16:00:45 connector systemd[1]: Finished Create Static Device Nodes in /dev.
Jul 05 16:00:45 connector systemd[1]: Reached target Preparation for Local File Systems.
Jul 05 16:00:45 connector systemd[1]: Starting Rule-based Manager for Device Events and Files...
Jul 05 16:00:45 connector systemd[1]: Started Rule-based Manager for Device Events and Files.
Jul 05 16:00:45 connector systemd-udevd[562]: Using default interface naming scheme 'v249'.
Jul 05 16:00:45 connector kernel: virtio_net virtio1 enp0s18: renamed from eth0
Jul 05 16:00:45 connector systemd-udevd[566]: Using default interface naming scheme 'v249'.
Jul 05 16:00:45 connector systemd-udevd[563]: Using default interface naming scheme 'v249'.
Jul 05 16:00:45 connector systemd[1]: Found device QEMU_HARDDISK swap.
Jul 05 16:00:45 connector systemd[1]: Listening on Load/Save RF Kill Switch Status /dev/rfkill Watch.
Jul 05 16:00:45 connector systemd[1]: Activating swap /dev/disk/by-partuuid/854946e2-c612-4595-9360-070e4084f05b...
Jul 05 16:00:45 connector udevadm[543]: systemd-udev-settle.service is deprecated. Please fix rngd.service not to pull it in.
Jul 05 16:00:45 connector systemd[1]: Found device QEMU_HARDDISK boot.
Jul 05 16:00:45 connector systemd[1]: Starting File System Check on /dev/disk/by-uuid/3c498209-7f35-4918-81ab-3d7bfb09a3cb...
Jul 05 16:00:45 connector kernel: Adding 523260k swap on /dev/disk/by-partuuid/854946e2-c612-4595-9360-070e4084f05b.  Priority:-2 extents:1 across:523260k 
Jul 05 16:00:45 connector systemd[1]: Activated swap /dev/disk/by-partuuid/854946e2-c612-4595-9360-070e4084f05b.
Jul 05 16:00:45 connector systemd[1]: Reached target Swaps.
Jul 05 16:00:45 connector systemd[1]: Mounting Temporary Directory /tmp...
Jul 05 16:00:45 connector systemd[1]: Mounting /var/volatile...
Jul 05 16:00:45 connector systemd[1]: Mounted Temporary Directory /tmp.
47;0H:0;0HJul 05 16:00:45 connector systemd[1]: Mounted /var/volatile.
Jul 05 16:00:45 connector systemd[1]: Condition check resulted in Bind mount volatile /var/cache being skipped.
Jul 05 16:00:45 connector systemd[1]: Condition check resulted in Bind mount volatile /var/lib being skipped.
Jul 05 16:00:45 connector systemd[1]: Starting Load/Save Random Seed...
Jul 05 16:00:45 connector systemd[1]: Condition check resulted in Bind mount volatile /var/spool being skipped.
Jul 05 16:00:45 connector systemd[1]: Condition check resulted in Bind mount volatile /srv being skipped.
Jul 05 16:00:45 connector systemd[1]: Finished Load/Save Random Seed.
Jul 05 16:00:45 connector systemd[1]: Condition check resulted in First Boot Complete being skipped.
Jul 05 16:00:45 connector systemd-fsck[579]: /dev/sda2: clean, 303/10240 files, 19800/40960 blocks
Jul 05 16:00:45 connector systemd[1]: Finished Wait for udev To Complete Device Initialization.
Jul 05 16:00:45 connector systemd[1]: Finished File System Check on /dev/disk/by-uuid/3c498209-7f35-4918-81ab-3d7bfb09a3cb.
Jul 05 16:00:45 connector systemd[1]: 0;1;39m0;1;31m0;1;39mboot.mount: Directory /boot to mount over is not empty, mounting anyway.0m
Jul 05 16:00:45 connector systemd[1]: Mounting /boot...
Jul 05 16:00:45 connector kernel: EXT4-fs (sda2): mounting ext3 file system using the ext4 subsystem
Jul 05 16:00:45 connector kernel: EXT4-fs (sda2): mounted filesystem with ordered data mode. Opts: (null). Quota mode: disabled.
Jul 05 16:00:45 connector systemd[1]: Mounted /boot.
Jul 05 16:00:45 connector systemd[1]: Reached target Local File Systems.
Jul 05 16:00:45 connector systemd[1]: Condition check resulted in Rebuild Dynamic Linker Cache being skipped.
Jul 05 16:00:45 connector systemd[1]: Condition check resulted in Commit a transient machine-id on disk being skipped.
Jul 05 16:00:45 connector systemd[1]: Starting Create Volatile Files and Directories...
Jul 05 16:00:45 connector systemd-tmpfiles[587]: 0;1;39m7m[m]8;;file://connector/etc/tmpfiles.d/pam.conf7mGm/etc/t0;1;31m0;1;39mmpfiles.d/pam.conf7m[m]8;;7mGm:1: L
ine references path below legacy directory /var/run/, updating /var/run/sepermit  /run/sepermit; please update the tmpfiles.d/ drop-in file accordingly.
0m
Jul 05 16:00:45 connector systemd[1]: Finished Create Volatile Files and Directories.
Jul 05 16:00:45 connector systemd[1]: Started Hardware RNG Entropy Gatherer Daemon.
Jul 05 16:00:45 connector systemd[1]: Condition check resulted in Rebuild Journal Catalog being skipped.
Jul 05 16:00:45 connector systemd[1]: Starting Network Time Synchronization...
Jul 05 16:00:45 connector systemd[1]: Condition check resulted in Update is Completed being skipped.
Jul 05 16:00:45 connector systemd[1]: Starting Record System Boot/Shutdown in UTMP...
Jul 05 16:00:45 connector systemd[1]: Finished Record System Boot/Shutdown in UTMP.
Jul 05 16:00:45 connector systemd[1]: Started Network Time Synchronization.
Jul 05 16:00:45 connector systemd[1]: Reached target System Initialization.
Jul 05 16:00:45 connector systemd[1]: Started Daily Cleanup of Temporary Directories.
Jul 05 16:00:45 connector systemd[1]: Reached target System Time Set.
Jul 05 16:00:45 connector systemd[1]: Reached target Timer Units.
Jul 05 16:00:45 connector systemd[1]: Listening on D-Bus System Message Bus Socket.
Jul 05 16:00:45 connector systemd[1]: Starting sshd.socket...
Jul 05 16:00:46 connector rngd[588]: Initializing available sources
Jul 05 16:00:46 connector rngd[588]: [hwrng ]: Initialization Failed
Jul 05 16:00:46 connector rngd[588]: [rdrand]: Initialization Failed
Jul 05 16:00:46 connector systemd[1]: Listening on sshd.socket.
Jul 05 16:00:46 connector systemd[1]: Reached target Socket Units.
Jul 05 16:00:46 connector systemd[1]: Reached target Basic System.
Jul 05 16:00:46 connector systemd[1]: 0;1;39m0;1;31m0;1;39mSystem is tainted: cgroupsv10m
Jul 05 16:00:46 connector systemd[1]: Starting Intelbras connector TR-069...
Jul 05 16:00:46 connector systemd[1]: Started Kernel Logging Service.
47;0H:0;0HJul 05 16:00:46 connector kernel[597]: 0;1;39m0;1;31m0;1;39mklogd started: BusyBox v1.34.1 ()0m
Jul 05 16:00:46 connector kernel[597]: 0;1;39m0;1;31m0;1;39mLinux version 5.14.6-yocto-standard (oe-user@oe-host) (x86_64-intelbras-linux-gcc (GCC) 11.
2.0, GNU ld (GNU Binutils) 2.37.20210721) #1 SMP PREEMPT Mon Sep 20 01:09:33 UTC 20210m
Jul 05 16:00:46 connector kernel[597]: Command line: BOOT_IMAGE=/bzImage root=PARTUUID=55d9e964-7255-4e7f-b34f-aaf877d08a74 rootwait rw
Jul 05 16:00:46 connector kernel[597]: x86/fpu: x87 FPU will use FXSAVE
Jul 05 16:00:46 connector kernel[597]: signal: max sigframe size: 1440
Jul 05 16:00:46 connector kernel[597]: BIOS-provided physical RAM map:
Jul 05 16:00:46 connector kernel[597]: BIOS-e820: [mem 0x0000000000000000-0x000000000009fbff] usable
Jul 05 16:00:46 connector kernel[597]: BIOS-e820: [mem 0x000000000009fc00-0x000000000009ffff] reserved
Jul 05 16:00:46 connector kernel[597]: BIOS-e820: [mem 0x00000000000f0000-0x00000000000fffff] reserved
Jul 05 16:00:46 connector kernel[597]: BIOS-e820: [mem 0x0000000000100000-0x00000000bffddfff] usable
Jul 05 16:00:46 connector kernel[597]: BIOS-e820: [mem 0x00000000bffde000-0x00000000bfffffff] reserved
Jul 05 16:00:46 connector kernel[597]: BIOS-e820: [mem 0x00000000feffc000-0x00000000feffffff] reserved
Jul 05 16:00:46 connector kernel[597]: BIOS-e820: [mem 0x00000000fffc0000-0x00000000ffffffff] reserved
Jul 05 16:00:46 connector kernel[597]: NX (Execute Disable) protection: active
Jul 05 16:00:46 connector kernel[597]: SMBIOS 2.8 present.
Jul 05 16:00:46 connector kernel[597]: DMI: QEMU Standard PC (i440FX + PIIX, 1996), BIOS rel-1.16.0-0-gd239552ce722-prebuilt.qemu.org 04/01/2014
Jul 05 16:00:46 connector kernel[597]: Hypervisor detected: KVM
Jul 05 16:00:46 connector kernel[597]: kvm-clock: Using msrs 4b564d01 and 4b564d00
Jul 05 16:00:46 connector kernel[597]: kvm-clock: cpu 0, msr 925b001, primary cpu clock
Jul 05 16:00:46 connector kernel[597]: kvm-clock: using sched offset of 687510440299 cycles
Jul 05 16:00:46 connector kernel[597]: clocksource: kvm-clock: mask: 0xffffffffffffffff max_cycles: 0x1cd42e4dffb, max_idle_ns: 881590591483 ns
Jul 05 16:00:46 connector kernel[597]: tsc: Detected 3696.046 MHz processor
Jul 05 16:00:46 connector kernel[597]: 0;38;5;245m0;1;31m0;38;5;245me820: update [mem 0x00000000-0x00000fff] usable ==> reserved0m
Jul 05 16:00:46 connector kernel[597]: 0;38;5;245m0;1;31m0;38;5;245me820: remove [mem 0x000a0000-0x000fffff] usable0m
Jul 05 16:00:46 connector kernel[597]: last_pfn = 0xbffde max_arch_pfn = 0x400000000
Jul 05 16:00:46 connector systemd[1]: Started System Logging Service.
Jul 05 16:00:46 connector kernel[597]: x86/PAT: Configuration [0-7]: WB  WC  UC- UC  WB  WC  UC- UC
Jul 05 16:00:46 connector kernel[597]: found SMP MP-table at [mem 0x000f5b70-0x000f5b7f]
Jul 05 16:00:46 connector kernel[597]: ACPI: Early table checksum verification disabled
Jul 05 16:00:46 connector kernel[597]: ACPI: RSDP 0x00000000000F5990 000014 (v00 BOCHS )
Jul 05 16:00:46 connector kernel[597]: ACPI: RSDT 0x00000000BFFE1F18 000038 (v01 BOCHS  BXPC     00000001 BXPC 00000001)
Jul 05 16:00:46 connector kernel[597]: ACPI: FACP 0x00000000BFFE1CEA 000074 (v01 BOCHS  BXPC     00000001 BXPC 00000001)
Jul 05 16:00:46 connector kernel[597]: ACPI: DSDT 0x00000000BFFDF040 002CAA (v01 BOCHS  BXPC     00000001 BXPC 00000001)
Jul 05 16:00:46 connector kernel[597]: ACPI: FACS 0x00000000BFFDF000 000040
Jul 05 16:00:46 connector kernel[597]: ACPI: APIC 0x00000000BFFE1D5E 000090 (v01 BOCHS  BXPC     00000001 BXPC 00000001)
Jul 05 16:00:46 connector kernel[597]: ACPI: SSDT 0x00000000BFFE1DEE 0000CA (v01 BOCHS  VMGENID  00000001 BXPC 00000001)
Jul 05 16:00:46 connector kernel[597]: ACPI: HPET 0x00000000BFFE1EB8 000038 (v01 BOCHS  BXPC     00000001 BXPC 00000001)
Jul 05 16:00:46 connector kernel[597]: ACPI: WAET 0x00000000BFFE1EF0 000028 (v01 BOCHS  BXPC     00000001 BXPC 00000001)
Jul 05 16:00:46 connector kernel[597]: ACPI: Reserving FACP table memory at [mem 0xbffe1cea-0xbffe1d5d]
Jul 05 16:00:46 connector kernel[597]: ACPI: Reserving DSDT table memory at [mem 0xbffdf040-0xbffe1ce9]
Jul 05 16:00:46 connector kernel[597]: ACPI: Reserving FACS table memory at [mem 0xbffdf000-0xbffdf03f]
Jul 05 16:00:46 connector kernel[597]: ACPI: Reserving APIC table memory at [mem 0xbffe1d5e-0xbffe1ded]
Jul 05 16:00:46 connector kernel[597]: ACPI: Reserving SSDT table memory at [mem 0xbffe1dee-0xbffe1eb7]
Jul 05 16:00:46 connector kernel[597]: ACPI: Reserving HPET table memory at [mem 0xbffe1eb8-0xbffe1eef]
Jul 05 16:00:46 connector kernel[597]: ACPI: Reserving WAET table memory at [mem 0xbffe1ef0-0xbffe1f17]
47;0H:0;0HJul 05 16:00:46 connector kernel[597]: Zone ranges:
Jul 05 16:00:46 connector kernel[597]:   DMA      [mem 0x0000000000001000-0x0000000000ffffff]
Jul 05 16:00:46 connector kernel[597]:   DMA32    [mem 0x0000000001000000-0x00000000bffddfff]
Jul 05 16:00:46 connector kernel[597]:   Normal   empty
Jul 05 16:00:46 connector kernel[597]: Movable zone start for each node
Jul 05 16:00:46 connector kernel[597]: Early memory node ranges
Jul 05 16:00:46 connector kernel[597]:   node   0: [mem 0x0000000000001000-0x000000000009efff]
Jul 05 16:00:46 connector kernel[597]:   node   0: [mem 0x0000000000100000-0x00000000bffddfff]
Jul 05 16:00:46 connector kernel[597]: Initmem setup node 0 [mem 0x0000000000001000-0x00000000bffddfff]
Jul 05 16:00:46 connector kernel[597]: On node 0, zone DMA: 1 pages in unavailable ranges
Jul 05 16:00:46 connector kernel[597]: On node 0, zone DMA: 97 pages in unavailable ranges
Jul 05 16:00:46 connector kernel[597]: On node 0, zone DMA32: 34 pages in unavailable ranges
Jul 05 16:00:46 connector kernel[597]: ACPI: PM-Timer IO Port: 0x608
Jul 05 16:00:46 connector kernel[597]: ACPI: LAPIC_NMI (acpi_id[0xff] dfl dfl lint[0x1])
Jul 05 16:00:46 connector kernel[597]: IOAPIC[0]: apic_id 0, version 17, address 0xfec00000, GSI 0-23
Jul 05 16:00:46 connector kernel[597]: ACPI: INT_SRC_OVR (bus 0 bus_irq 0 global_irq 2 dfl dfl)
Jul 05 16:00:46 connector kernel[597]: ACPI: INT_SRC_OVR (bus 0 bus_irq 5 global_irq 5 high level)
Jul 05 16:00:46 connector kernel[597]: ACPI: INT_SRC_OVR (bus 0 bus_irq 9 global_irq 9 high level)
Jul 05 16:00:46 connector kernel[597]: ACPI: INT_SRC_OVR (bus 0 bus_irq 10 global_irq 10 high level)
Jul 05 16:00:46 connector kernel[597]: ACPI: INT_SRC_OVR (bus 0 bus_irq 11 global_irq 11 high level)
Jul 05 16:00:46 connector kernel[597]: ACPI: Using ACPI (MADT) for SMP configuration information
Jul 05 16:00:46 connector kernel[597]: ACPI: HPET id: 0x8086a201 base: 0xfed00000
Jul 05 16:00:46 connector kernel[597]: smpboot: Allowing 4 CPUs, 0 hotplug CPUs
Jul 05 16:00:46 connector kernel[597]: [mem 0xc0000000-0xfeffbfff] available for PCI devices
Jul 05 16:00:46 connector kernel[597]: Booting paravirtualized kernel on KVM
Jul 05 16:00:46 connector kernel[597]: clocksource: refined-jiffies: mask: 0xffffffff max_cycles: 0xffffffff, max_idle_ns: 1910969940391419 ns
Jul 05 16:00:46 connector kernel[597]: setup_percpu: NR_CPUS:64 nr_cpumask_bits:64 nr_cpu_ids:4 nr_node_ids:1
Jul 05 16:00:46 connector kernel[597]: percpu: Embedded 54 pages/cpu s184024 r8192 d28968 u524288
Jul 05 16:00:46 connector kernel[597]: 0;38;5;245m0;1;31m0;38;5;245mpcpu-alloc: s184024 r8192 d28968 u524288 alloc=1*20971520m
Jul 05 16:00:46 connector kernel[597]: 0;38;5;245m0;1;31m0;38;5;245mpcpu-alloc: [0] 0 1 2 30m
Jul 05 16:00:46 connector kernel[597]: kvm-guest: stealtime: cpu 0, msr bca17fc0
Jul 05 16:00:46 connector kernel[597]: Built 1 zonelists, mobility grouping on.  Total pages: 773854
Jul 05 16:00:46 connector kernel[597]: 0;1;39m0;1;31m0;1;39mKernel command line: BOOT_IMAGE=/bzImage root=PARTUUID=55d9e964-7255-4e7f-b34f-aaf877d08a74
 rootwait rw0m
Jul 05 16:00:46 connector kernel[597]: 0;1;39m0;1;31m0;1;39mUnknown command line parameters: BOOT_IMAGE=/bzImage0m
Jul 05 16:00:46 connector kernel[597]: Dentry cache hash table entries: 524288 (order: 10, 4194304 bytes, linear)
Jul 05 16:00:46 connector kernel[597]: Inode-cache hash table entries: 262144 (order: 9, 2097152 bytes, linear)
Jul 05 16:00:46 connector kernel[597]: mem auto-init: stack:off, heap alloc:off, heap free:off
Jul 05 16:00:46 connector kernel[597]: Memory: 3055260K/3145200K available (18444K kernel code, 2259K rwdata, 3980K rodata, 1900K init, 1808K bss, 89680K res
erved, 0K cma-reserved)
Jul 05 16:00:46 connector kernel[597]: SLUB: HWalign=64, Order=0-3, MinObjects=0, CPUs=4, Nodes=1
Jul 05 16:00:46 connector kernel[597]: Kernel/User page tables isolation: enabled
Jul 05 16:00:46 connector kernel[597]: ftrace: allocating 50735 entries in 199 pages
Jul 05 16:00:46 connector kernel[597]: ftrace: allocated 199 pages with 5 groups
Jul 05 16:00:46 connector kernel[597]: rcu: Preemptible hierarchical RCU implementation.
Jul 05 16:00:46 connector kernel[597]: rcu:         RCU restricting CPUs from NR_CPUS=64 to nr_cpu_ids=4.
47;0H:0;0HJul 05 16:00:46 connector kernel[597]:         Trampoline variant of Tasks RCU enabled.
Jul 05 16:00:46 connector kernel[597]:         Rude variant of Tasks RCU enabled.
Jul 05 16:00:46 connector kernel[597]:         Tracing variant of Tasks RCU enabled.
Jul 05 16:00:46 connector kernel[597]: rcu: RCU calculated value of scheduler-enlistment delay is 100 jiffies.
Jul 05 16:00:46 connector kernel[597]: rcu: Adjusting geometry for rcu_fanout_leaf=16, nr_cpu_ids=4
Jul 05 16:00:46 connector kernel[597]: NR_IRQS: 4352, nr_irqs: 456, preallocated irqs: 16
Jul 05 16:00:46 connector kernel[597]: kfence: initialized - using 2097152 bytes for 255 objects at 0x(____ptrval____)-0x(____ptrval____)
Jul 05 16:00:46 connector kernel[597]: 0;1;39m0;1;31m0;1;39mrandom: get_random_bytes called from start_kernel+0x4d7/0x696 with crng_init=00m
Jul 05 16:00:46 connector kernel[597]: Console: colour VGA+ 80x25
Jul 05 16:00:46 connector kernel[597]: printk: console [tty0] enabled
Jul 05 16:00:46 connector kernel[597]: ACPI: Core revision 20210604
Jul 05 16:00:46 connector kernel[597]: clocksource: hpet: mask: 0xffffffff max_cycles: 0xffffffff, max_idle_ns: 19112604467 ns
Jul 05 16:00:46 connector kernel[597]: APIC: Switch to symmetric I/O mode setup
Jul 05 16:00:46 connector kernel[597]: x2apic enabled
Jul 05 16:00:46 connector kernel[597]: Switched APIC routing to physical x2apic.
Jul 05 16:00:46 connector kernel[597]: ..TIMER: vector=0x30 apic1=0 pin1=2 apic2=-1 pin2=-1
Jul 05 16:00:46 connector kernel[597]: clocksource: tsc-early: mask: 0xffffffffffffffff max_cycles: 0x6a8d7dfcf3b, max_idle_ns: 881591088401 ns
Jul 05 16:00:46 connector kernel[597]: Calibrating delay loop (skipped) preset value.. 7392.09 BogoMIPS (lpj=3696046)
Jul 05 16:00:46 connector kernel[597]: pid_max: default: 32768 minimum: 301
Jul 05 16:00:46 connector kernel[597]: LSM: Security Framework initializing
Jul 05 16:00:46 connector kernel[597]: landlock: Up and running.
Jul 05 16:00:46 connector kernel[597]: Mount-cache hash table entries: 8192 (order: 4, 65536 bytes, linear)
Jul 05 16:00:46 connector kernel[597]: Mountpoint-cache hash table entries: 8192 (order: 4, 65536 bytes, linear)
Jul 05 16:00:46 connector kernel[597]: Last level iTLB entries: 4KB 0, 2MB 0, 4MB 0
Jul 05 16:00:46 connector kernel[597]: Last level dTLB entries: 4KB 0, 2MB 0, 4MB 0, 1GB 0
Jul 05 16:00:46 connector kernel[597]: Spectre V1 : Mitigation: usercopy/swapgs barriers and __user pointer sanitization
Jul 05 16:00:46 connector kernel[597]: Spectre V2 : Mitigation: Full generic retpoline
Jul 05 16:00:46 connector kernel[597]: Spectre V2 : Spectre v2 / SpectreRSB mitigation: Filling RSB on context switch
Jul 05 16:00:46 connector kernel[597]: Speculative Store Bypass: Vulnerable
Jul 05 16:00:46 connector kernel[597]: MDS: Vulnerable: Clear CPU buffers attempted, no microcode
Jul 05 16:00:46 connector kernel[597]: Freeing SMP alternatives memory: 52K
Jul 05 16:00:46 connector kernel[597]: smpboot: CPU0: Intel Common KVM processor (family: 0xf, model: 0x6, stepping: 0x1)
Jul 05 16:00:46 connector kernel[597]: Performance Events: unsupported Netburst CPU model 6 no PMU driver, software events only.
Jul 05 16:00:46 connector kernel[597]: rcu: Hierarchical SRCU implementation.
Jul 05 16:00:46 connector kernel[597]: smp: Bringing up secondary CPUs ...
Jul 05 16:00:46 connector kernel[597]: x86: Booting SMP configuration:
Jul 05 16:00:46 connector kernel[597]: .... node  #0, CPUs:      #1
Jul 05 16:00:46 connector kernel[597]: kvm-clock: cpu 1, msr 925b041, secondary cpu clock
Jul 05 16:00:46 connector kernel[597]: kvm-guest: stealtime: cpu 1, msr bca97fc0
Jul 05 16:00:46 connector kernel[597]: 0;1;38;5;185m0;1;39m0;1;38;5;185m #20m
Jul 05 16:00:46 connector kernel[597]: kvm-clock: cpu 2, msr 925b081, secondary cpu clock
Jul 05 16:00:46 connector kernel[597]: kvm-guest: stealtime: cpu 2, msr bcb17fc0
Jul 05 16:00:46 connector kernel[597]: 0;1;38;5;185m0;1;39m0;1;38;5;185m #30m
Jul 05 16:00:46 connector kernel[597]: kvm-clock: cpu 3, msr 925b0c1, secondary cpu clock
Jul 05 16:00:46 connector kernel[597]: kvm-guest: stealtime: cpu 3, msr bcb97fc0
Jul 05 16:00:46 connector kernel[597]: smp: Brought up 1 node, 4 CPUs
47;0H:0;0HJul 05 16:00:46 connector kernel[597]: smpboot: Max logical packages: 1
Jul 05 16:00:46 connector kernel[597]: smpboot: Total of 4 processors activated (29568.36 BogoMIPS)
Jul 05 16:00:46 connector kernel[597]: devtmpfs: initialized
Jul 05 16:00:46 connector kernel[597]: clocksource: jiffies: mask: 0xffffffff max_cycles: 0xffffffff, max_idle_ns: 1911260446275000 ns
Jul 05 16:00:46 connector kernel[597]: futex hash table entries: 1024 (order: 4, 65536 bytes, linear)
Jul 05 16:00:46 connector kernel[597]: pinctrl core: initialized pinctrl subsystem
Jul 05 16:00:46 connector kernel[597]: NET: Registered PF_NETLINK/PF_ROUTE protocol family
Jul 05 16:00:46 connector kernel[597]: thermal_sys: Registered thermal governor 'step_wise'
Jul 05 16:00:46 connector kernel[597]: thermal_sys: Registered thermal governor 'user_space'
Jul 05 16:00:46 connector kernel[597]: cpuidle: using governor menu
Jul 05 16:00:46 connector kernel[597]: ACPI: bus type PCI registered
Jul 05 16:00:46 connector kernel[597]: PCI: Using configuration type 1 for base access
Jul 05 16:00:46 connector kernel[597]: Kprobes globally optimized
Jul 05 16:00:46 connector kernel[597]: raid6: sse2x4   gen() 20375 MB/s
Jul 05 16:00:46 connector kernel[597]: raid6: sse2x4   xor() 10712 MB/s
Jul 05 16:00:46 connector kernel[597]: raid6: sse2x2   gen() 20500 MB/s
Jul 05 16:00:46 connector kernel[597]: raid6: sse2x2   xor() 12698 MB/s
Jul 05 16:00:46 connector kernel[597]: raid6: sse2x1   gen() 16844 MB/s
Jul 05 16:00:46 connector kernel[597]: raid6: sse2x1   xor() 10732 MB/s
Jul 05 16:00:46 connector kernel[597]: raid6: using algorithm sse2x2 gen() 20500 MB/s
Jul 05 16:00:46 connector kernel[597]: raid6: .... xor() 12698 MB/s, rmw enabled
Jul 05 16:00:46 connector kernel[597]: raid6: using intx1 recovery algorithm
Jul 05 16:00:46 connector kernel[597]: ACPI: Added _OSI(Module Device)
Jul 05 16:00:46 connector kernel[597]: ACPI: Added _OSI(Processor Device)
Jul 05 16:00:46 connector kernel[597]: ACPI: Added _OSI(3.0 _SCP Extensions)
Jul 05 16:00:46 connector kernel[597]: ACPI: Added _OSI(Processor Aggregator Device)
Jul 05 16:00:46 connector kernel[597]: ACPI: Added _OSI(Linux-Dell-Video)
Jul 05 16:00:46 connector kernel[597]: ACPI: Added _OSI(Linux-Lenovo-NV-HDMI-Audio)
Jul 05 16:00:46 connector kernel[597]: ACPI: Added _OSI(Linux-HPI-Hybrid-Graphics)
Jul 05 16:00:46 connector kernel[597]: ACPI: 2 ACPI AML tables successfully acquired and loaded
Jul 05 16:00:46 connector kernel[597]: ACPI: Interpreter enabled
Jul 05 16:00:46 connector kernel[597]: ACPI: PM: (supports S0 S3 S5)
Jul 05 16:00:46 connector kernel[597]: ACPI: Using IOAPIC for interrupt routing
Jul 05 16:00:46 connector systemd[1]: Started D-Bus System Message Bus.
Jul 05 16:00:46 connector kernel[597]: PCI: Using host bridge windows from ACPI; if necessary, use "pci=nocrs" and report a bug
Jul 05 16:00:46 connector kernel[597]: ACPI: Enabled 3 GPEs in block 00 to 0F
Jul 05 16:00:46 connector kernel[597]: ACPI: PCI Root Bridge [PCI0] (domain 0000 [bus 00-ff])
Jul 05 16:00:46 connector kernel[597]: acpi PNP0A03:00: _OSC: OS supports [ASPM ClockPM Segments MSI HPX-Type3]
Jul 05 16:00:46 connector kernel[597]: 0;1;38;5;185m0;1;39m0;1;38;5;185macpi PNP0A03:00: fail to add MMCONFIG information, can't access extended PCI co
nfiguration space under this bridge.0m
Jul 05 16:00:46 connector kernel[597]: PCI host bridge to bus 0000:00
Jul 05 16:00:46 connector kernel[597]: pci_bus 0000:00: root bus resource [io  0x0000-0x0cf7 window]
Jul 05 16:00:46 connector kernel[597]: pci_bus 0000:00: root bus resource [io  0x0d00-0xffff window]
Jul 05 16:00:46 connector kernel[597]: pci_bus 0000:00: root bus resource [mem 0x000a0000-0x000bffff window]
Jul 05 16:00:46 connector kernel[597]: pci_bus 0000:00: root bus resource [mem 0xc0000000-0xfebfffff window]
Jul 05 16:00:46 connector kernel[597]: pci_bus 0000:00: root bus resource [mem 0x100000000-0x17fffffff window]
47;0H:0;0HJul 05 16:00:46 connector kernel[597]: pci_bus 0000:00: root bus resource [bus 00-ff]
Jul 05 16:00:46 connector kernel[597]: pci 0000:00:00.0: [8086:1237] type 00 class 0x060000
Jul 05 16:00:46 connector kernel[597]: pci 0000:00:01.0: [8086:7000] type 00 class 0x060100
Jul 05 16:00:46 connector kernel[597]: pci 0000:00:01.1: [8086:7010] type 00 class 0x010180
Jul 05 16:00:46 connector kernel[597]: pci 0000:00:01.1: reg 0x20: [io  0xe0a0-0xe0af]
Jul 05 16:00:46 connector kernel[597]: pci 0000:00:01.1: legacy IDE quirk: reg 0x10: [io  0x01f0-0x01f7]
Jul 05 16:00:46 connector kernel[597]: pci 0000:00:01.1: legacy IDE quirk: reg 0x14: [io  0x03f6]
Jul 05 16:00:46 connector kernel[597]: pci 0000:00:01.1: legacy IDE quirk: reg 0x18: [io  0x0170-0x0177]
Jul 05 16:00:46 connector kernel[597]: pci 0000:00:01.1: legacy IDE quirk: reg 0x1c: [io  0x0376]
Jul 05 16:00:46 connector kernel[597]: pci 0000:00:01.2: [8086:7020] type 00 class 0x0c0300
Jul 05 16:00:46 connector kernel[597]: pci 0000:00:01.2: reg 0x20: [io  0xe040-0xe05f]
Jul 05 16:00:46 connector kernel[597]: pci 0000:00:01.3: [8086:7113] type 00 class 0x068000
Jul 05 16:00:46 connector kernel[597]: pci 0000:00:01.3: quirk: [io  0x0600-0x063f] claimed by PIIX4 ACPI
Jul 05 16:00:46 connector kernel[597]: pci 0000:00:01.3: quirk: [io  0x0700-0x070f] claimed by PIIX4 SMB
Jul 05 16:00:46 connector kernel[597]: pci 0000:00:02.0: [1234:1111] type 00 class 0x030000
Jul 05 16:00:46 connector kernel[597]: pci 0000:00:02.0: reg 0x10: [mem 0xfd000000-0xfdffffff pref]
Jul 05 16:00:46 connector kernel[597]: pci 0000:00:02.0: reg 0x18: [mem 0xfea50000-0xfea50fff]
Jul 05 16:00:46 connector kernel[597]: pci 0000:00:02.0: reg 0x30: [mem 0xfea40000-0xfea4ffff pref]
Jul 05 16:00:46 connector kernel[597]: pci 0000:00:03.0: [1af4:1002] type 00 class 0x00ff00
Jul 05 16:00:46 connector kernel[597]: pci 0000:00:03.0: reg 0x10: [io  0xe000-0xe03f]
Jul 05 16:00:46 connector kernel[597]: pci 0000:00:03.0: reg 0x20: [mem 0xfe400000-0xfe403fff 64bit pref]
Jul 05 16:00:46 connector kernel[597]: pci 0000:00:07.0: [8086:2922] type 00 class 0x010601
Jul 05 16:00:46 connector kernel[597]: pci 0000:00:07.0: reg 0x20: [io  0xe060-0xe07f]
Jul 05 16:00:46 connector kernel[597]: pci 0000:00:07.0: reg 0x24: [mem 0xfea51000-0xfea51fff]
Jul 05 16:00:46 connector kernel[597]: pci 0000:00:12.0: [1af4:1000] type 00 class 0x020000
Jul 05 16:00:46 connector kernel[597]: pci 0000:00:12.0: reg 0x10: [io  0xe080-0xe09f]
Jul 05 16:00:46 connector kernel[597]: pci 0000:00:12.0: reg 0x14: [mem 0xfea52000-0xfea52fff]
Jul 05 16:00:46 connector kernel[597]: pci 0000:00:12.0: reg 0x20: [mem 0xfe404000-0xfe407fff 64bit pref]
Jul 05 16:00:46 connector kernel[597]: pci 0000:00:12.0: reg 0x30: [mem 0xfea00000-0xfea3ffff pref]
Jul 05 16:00:46 connector kernel[597]: pci 0000:00:1e.0: [1b36:0001] type 01 class 0x060400
Jul 05 16:00:46 connector kernel[597]: pci 0000:00:1e.0: reg 0x10: [mem 0xfea53000-0xfea530ff 64bit]
Jul 05 16:00:46 connector kernel[597]: pci 0000:00:1f.0: [1b36:0001] type 01 class 0x060400
Jul 05 16:00:46 connector kernel[597]: pci 0000:00:1f.0: reg 0x10: [mem 0xfea54000-0xfea540ff 64bit]
Jul 05 16:00:46 connector kernel[597]: pci_bus 0000:01: extended config space not accessible
Jul 05 16:00:46 connector kernel[597]: pci 0000:00:1e.0: PCI bridge to [bus 01]
Jul 05 16:00:46 connector kernel[597]: pci 0000:00:1e.0:   bridge window [io  0xd000-0xdfff]
Jul 05 16:00:46 connector kernel[597]: pci 0000:00:1e.0:   bridge window [mem 0xfe800000-0xfe9fffff]
Jul 05 16:00:46 connector kernel[597]: pci 0000:00:1e.0:   bridge window [mem 0xfe200000-0xfe3fffff 64bit pref]
Jul 05 16:00:46 connector kernel[597]: pci_bus 0000:02: extended config space not accessible
Jul 05 16:00:46 connector kernel[597]: pci 0000:00:1f.0: PCI bridge to [bus 02]
Jul 05 16:00:46 connector kernel[597]: pci 0000:00:1f.0:   bridge window [io  0xc000-0xcfff]
Jul 05 16:00:46 connector kernel[597]: pci 0000:00:1f.0:   bridge window [mem 0xfe600000-0xfe7fffff]
Jul 05 16:00:46 connector kernel[597]: pci 0000:00:1f.0:   bridge window [mem 0xfe000000-0xfe1fffff 64bit pref]
Jul 05 16:00:46 connector kernel[597]: 0;38;5;245m0;1;31m0;38;5;245mpci_bus 0000:00: on NUMA node 00m
Jul 05 16:00:46 connector kernel[597]: ACPI: PCI: Interrupt link LNKA configured for IRQ 10
Jul 05 16:00:46 connector kernel[597]: ACPI: PCI: Interrupt link LNKB configured for IRQ 10
47;0H:0;0HJul 05 16:00:46 connector kernel[597]: ACPI: PCI: Interrupt link LNKC configured for IRQ 11
Jul 05 16:00:46 connector kernel[597]: ACPI: PCI: Interrupt link LNKD configured for IRQ 11
Jul 05 16:00:46 connector kernel[597]: ACPI: PCI: Interrupt link LNKS configured for IRQ 9
Jul 05 16:00:46 connector kernel[597]: iommu: Default domain type: Translated
Jul 05 16:00:46 connector kernel[597]: pci 0000:00:02.0: vgaarb: setting as boot VGA device
Jul 05 16:00:46 connector kernel[597]: pci 0000:00:02.0: vgaarb: VGA device added: decodes=io+mem,owns=io+mem,locks=none
Jul 05 16:00:46 connector kernel[597]: pci 0000:00:02.0: vgaarb: bridge control possible
Jul 05 16:00:46 connector kernel[597]: vgaarb: loaded
Jul 05 16:00:46 connector kernel[597]: 0;1;39m0;1;31m0;1;39mSCSI subsystem initialized0m
Jul 05 16:00:46 connector kernel[597]: 0;38;5;245m0;1;31m0;38;5;245mlibata version 3.00 loaded.0m
Jul 05 16:00:46 connector kernel[597]: ACPI: bus type USB registered
Jul 05 16:00:46 connector kernel[597]: usbcore: registered new interface driver usbfs
Jul 05 16:00:46 connector kernel[597]: usbcore: registered new interface driver hub
Jul 05 16:00:46 connector kernel[597]: usbcore: registered new device driver usb
Jul 05 16:00:46 connector kernel[597]: pps_core: LinuxPPS API ver. 1 registered
Jul 05 16:00:46 connector kernel[597]: pps_core: Software ver. 5.3.6 - Copyright 2005-2007 Rodolfo Giometti <giometti@linux.it>
Jul 05 16:00:46 connector kernel[597]: PTP clock support registered
Jul 05 16:00:46 connector kernel[597]: Advanced Linux Sound Architecture Driver Initialized.
Jul 05 16:00:46 connector kernel[597]: Bluetooth: Core ver 2.22
Jul 05 16:00:46 connector kernel[597]: NET: Registered PF_BLUETOOTH protocol family
Jul 05 16:00:46 connector kernel[597]: Bluetooth: HCI device and connection manager initialized
Jul 05 16:00:46 connector kernel[597]: Bluetooth: HCI socket layer initialized
Jul 05 16:00:46 connector kernel[597]: Bluetooth: L2CAP socket layer initialized
Jul 05 16:00:46 connector kernel[597]: Bluetooth: SCO socket layer initialized
Jul 05 16:00:46 connector kernel[597]: PCI: Using ACPI for IRQ routing
Jul 05 16:00:46 connector kernel[597]: 0;38;5;245m0;1;31m0;38;5;245mPCI: pci_cache_line_size set to 64 bytes0m
Jul 05 16:00:46 connector kernel[597]: 0;38;5;245m0;1;31m0;38;5;245me820: reserve RAM buffer [mem 0x0009fc00-0x0009ffff]0m
Jul 05 16:00:46 connector kernel[597]: 0;38;5;245m0;1;31m0;38;5;245me820: reserve RAM buffer [mem 0xbffde000-0xbfffffff]0m
Jul 05 16:00:46 connector kernel[597]: hpet: 3 channels of 0 reserved for per-cpu timers
Jul 05 16:00:46 connector kernel[597]: hpet0: at MMIO 0xfed00000, IRQs 2, 8, 0
Jul 05 16:00:46 connector kernel[597]: hpet0: 3 comparators, 64-bit 100.000000 MHz counter
Jul 05 16:00:46 connector kernel[597]: clocksource: Switched to clocksource kvm-clock
Jul 05 16:00:46 connector kernel[597]: pnp: PnP ACPI init
Jul 05 16:00:46 connector kernel[597]: 0;38;5;245m0;1;31m0;38;5;245mpnp 00:02: [dma 2]0m
Jul 05 16:00:46 connector kernel[597]: pnp: PnP ACPI: found 4 devices
Jul 05 16:00:46 connector kernel[597]: clocksource: acpi_pm: mask: 0xffffff max_cycles: 0xffffff, max_idle_ns: 2085701024 ns
Jul 05 16:00:46 connector kernel[597]: NET: Registered PF_INET protocol family
Jul 05 16:00:46 connector kernel[597]: IP idents hash table entries: 65536 (order: 7, 524288 bytes, linear)
Jul 05 16:00:46 connector kernel[597]: tcp_listen_portaddr_hash hash table entries: 2048 (order: 3, 32768 bytes, linear)
Jul 05 16:00:46 connector kernel[597]: TCP established hash table entries: 32768 (order: 6, 262144 bytes, linear)
Jul 05 16:00:46 connector kernel[597]: TCP bind hash table entries: 32768 (order: 7, 524288 bytes, linear)
Jul 05 16:00:46 connector kernel[597]: TCP: Hash tables configured (established 32768 bind 32768)
Jul 05 16:00:46 connector kernel[597]: UDP hash table entries: 2048 (order: 4, 65536 bytes, linear)
Jul 05 16:00:46 connector kernel[597]: UDP-Lite hash table entries: 2048 (order: 4, 65536 bytes, linear)
Jul 05 16:00:46 connector kernel[597]: NET: Registered PF_UNIX/PF_LOCAL protocol family
Jul 05 16:00:46 connector kernel[597]: RPC: Registered named UNIX socket transport module.
47;0H:0;0HJul 05 16:00:46 connector kernel[597]: RPC: Registered udp transport module.
Jul 05 16:00:46 connector kernel[597]: RPC: Registered tcp transport module.
Jul 05 16:00:46 connector kernel[597]: RPC: Registered tcp NFSv4.1 backchannel transport module.
Jul 05 16:00:46 connector kernel[597]: pci 0000:00:1e.0: PCI bridge to [bus 01]
Jul 05 16:00:46 connector systemd[1]: Starting IPv6 Packet Filtering Framework...
Jul 05 16:00:46 connector kernel[597]: pci 0000:00:1e.0:   bridge window [io  0xd000-0xdfff]
Jul 05 16:00:46 connector kernel[597]: pci 0000:00:1e.0:   bridge window [mem 0xfe800000-0xfe9fffff]
Jul 05 16:00:46 connector kernel[597]: pci 0000:00:1e.0:   bridge window [mem 0xfe200000-0xfe3fffff 64bit pref]
Jul 05 16:00:46 connector kernel[597]: pci 0000:00:1f.0: PCI bridge to [bus 02]
Jul 05 16:00:46 connector kernel[597]: pci 0000:00:1f.0:   bridge window [io  0xc000-0xcfff]
Jul 05 16:00:46 connector kernel[597]: pci 0000:00:1f.0:   bridge window [mem 0xfe600000-0xfe7fffff]
Jul 05 16:00:46 connector kernel[597]: pci 0000:00:1f.0:   bridge window [mem 0xfe000000-0xfe1fffff 64bit pref]
Jul 05 16:00:46 connector kernel[597]: pci_bus 0000:00: resource 4 [io  0x0000-0x0cf7 window]
Jul 05 16:00:46 connector kernel[597]: pci_bus 0000:00: resource 5 [io  0x0d00-0xffff window]
Jul 05 16:00:46 connector kernel[597]: pci_bus 0000:00: resource 6 [mem 0x000a0000-0x000bffff window]
Jul 05 16:00:46 connector systemd[1]: Starting IPv4 Packet Filtering Framework...
Jul 05 16:00:46 connector kernel[597]: pci_bus 0000:00: resource 7 [mem 0xc0000000-0xfebfffff window]
Jul 05 16:00:46 connector kernel[597]: pci_bus 0000:00: resource 8 [mem 0x100000000-0x17fffffff window]
Jul 05 16:00:46 connector kernel[597]: pci_bus 0000:01: resource 0 [io  0xd000-0xdfff]
Jul 05 16:00:46 connector kernel[597]: pci_bus 0000:01: resource 1 [mem 0xfe800000-0xfe9fffff]
Jul 05 16:00:46 connector kernel[597]: pci_bus 0000:01: resource 2 [mem 0xfe200000-0xfe3fffff 64bit pref]
Jul 05 16:00:46 connector kernel[597]: pci_bus 0000:02: resource 0 [io  0xc000-0xcfff]
Jul 05 16:00:46 connector kernel[597]: pci_bus 0000:02: resource 1 [mem 0xfe600000-0xfe7fffff]
Jul 05 16:00:46 connector kernel[597]: pci_bus 0000:02: resource 2 [mem 0xfe000000-0xfe1fffff 64bit pref]
Jul 05 16:00:46 connector kernel[597]: pci 0000:00:01.0: PIIX3: Enabling Passive Release
Jul 05 16:00:46 connector kernel[597]: pci 0000:00:00.0: Limiting direct PCI/PCI transfers
Jul 05 16:00:46 connector kernel[597]: pci 0000:00:01.0: Activating ISA DMA hang workarounds
Jul 05 16:00:46 connector kernel[597]: ACPI: \_SB_.LNKD: Enabled at IRQ 11
Jul 05 16:00:46 connector kernel[597]: pci 0000:00:01.2: quirk_usb_early_handoff+0x0/0x6d0 took 22169 usecs
Jul 05 16:00:46 connector kernel[597]: pci 0000:00:02.0: Video device with shadowed ROM at [mem 0x000c0000-0x000dffff]
Jul 05 16:00:46 connector kernel[597]: PCI: CLS 0 bytes, default 64
Jul 05 16:00:46 connector systemd[1]: Started Intelbras Mosesacs TR-069.
Jul 05 16:00:46 connector kernel[597]: clocksource: tsc: mask: 0xffffffffffffffff max_cycles: 0x6a8d7dfcf3b, max_idle_ns: 881591088401 ns
Jul 05 16:00:46 connector kernel[597]: 0;1;39m0;1;31m0;1;39mInitialise system trusted keyrings0m
Jul 05 16:00:46 connector kernel[597]: workingset: timestamp_bits=46 max_order=20 bucket_order=0
Jul 05 16:00:46 connector kernel[597]: 0;1;39m0;1;31m0;1;39mNFS: Registering the id_resolver key type0m
Jul 05 16:00:46 connector kernel[597]: 0;1;39m0;1;31m0;1;39mKey type id_resolver registered0m
Jul 05 16:00:46 connector kernel[597]: 0;1;39m0;1;31m0;1;39mKey type id_legacy registered0m
Jul 05 16:00:46 connector kernel[597]: 0;1;39m0;1;31m0;1;39mKey type cifs.idmap registered0m
Jul 05 16:00:46 connector kernel[597]: xor: measuring software checksum speed
Jul 05 16:00:46 connector kernel[597]:    prefetch64-sse  : 25825 MB/sec
Jul 05 16:00:46 connector kernel[597]:    generic_sse     : 16543 MB/sec
Jul 05 16:00:46 connector kernel[597]: xor: using function: prefetch64-sse (25825 MB/sec)
Jul 05 16:00:46 connector kernel[597]: 0;1;39m0;1;31m0;1;39mKey type asymmetric registered0m
Jul 05 16:00:46 connector kernel[597]: 0;1;39m0;1;31m0;1;39mAsymmetric key parser 'x509' registered0m
Jul 05 16:00:46 connector kernel[597]: Block layer SCSI generic (bsg) driver version 0.4 loaded (major 250)
47;0H:0;0HJul 05 16:00:46 connector kernel[597]: io scheduler mq-deadline registered
Jul 05 16:00:46 connector rngd[588]: [jitter]: Initializing AES buffer
Jul 05 16:00:46 connector systemd[1]: Starting Startup Script Intelbras...
Jul 05 16:00:46 connector kernel[597]: io scheduler kyber registered
Jul 05 16:00:46 connector kernel[597]: input: Power Button as /devices/LNXSYSTM:00/LNXPWRBN:00/input/input0
Jul 05 16:00:46 connector kernel[597]: ACPI: button: Power Button [PWRF]
Jul 05 16:00:46 connector kernel[597]: ACPI: \_SB_.LNKC: Enabled at IRQ 10
Jul 05 16:00:46 connector kernel[597]: ACPI: \_SB_.LNKB: Enabled at IRQ 10
Jul 05 16:00:46 connector kernel[597]: Free page reporting enabled
Jul 05 16:00:46 connector kernel[597]: Serial: 8250/16550 driver, 4 ports, IRQ sharing disabled
Jul 05 16:00:46 connector kernel[597]: Linux agpgart interface v0.103
Jul 05 16:00:46 connector kernel[597]: brd: module loaded
Jul 05 16:00:46 connector kernel[597]: loop: module loaded
Jul 05 16:00:46 connector kernel[597]: rbd: loaded (major 251)
Jul 05 16:00:46 connector kernel[597]: mtip32xx Version 1.3.1
Jul 05 16:00:46 connector kernel[597]: null_blk: module loaded
Jul 05 16:00:46 connector kernel[597]: megaraid cmm: 2.20.2.7 (Release Date: Sun Jul 16 00:01:03 EST 2006)
Jul 05 16:00:46 connector kernel[597]: megaraid: 2.20.5.1 (Release Date: Thu Nov 16 15:32:35 EST 2006)
Jul 05 16:00:46 connector kernel[597]: megasas: 07.717.02.00-rc1
Jul 05 16:00:46 connector kernel[597]: mpt3sas version 37.101.00.00 loaded
Jul 05 16:00:46 connector kernel[597]: hv_vmbus: registering driver hv_storvsc
Jul 05 16:00:46 connector kernel[597]: SCSI Media Changer driver v0.25
Jul 05 16:00:46 connector kernel[597]: 0;38;5;245m0;1;31m0;38;5;245mahci 0000:00:07.0: version 3.00m
Jul 05 16:00:46 connector kernel[597]: FDC 0 is a S82078B
Jul 05 16:00:46 connector kernel[597]: ahci 0000:00:07.0: AHCI 0001.0000 32 slots 6 ports 1.5 Gbps 0x3f impl SATA mode
Jul 05 16:00:46 connector kernel[597]: ahci 0000:00:07.0: flags: 64bit ncq only
Jul 05 16:00:46 connector kernel[597]: scsi host0: ahci
Jul 05 16:00:46 connector kernel[597]: scsi host1: ahci
Jul 05 16:00:46 connector kernel[597]: scsi host2: ahci
Jul 05 16:00:46 connector kernel[597]: scsi host3: ahci
Jul 05 16:00:46 connector kernel[597]: scsi host4: ahci
Jul 05 16:00:46 connector kernel[597]: scsi host5: ahci
Jul 05 16:00:46 connector kernel[597]: ata1: SATA max UDMA/133 abar m4096@0xfea51000 port 0xfea51100 irq 24
Jul 05 16:00:46 connector kernel[597]: ata2: SATA max UDMA/133 abar m4096@0xfea51000 port 0xfea51180 irq 24
Jul 05 16:00:46 connector kernel[597]: ata3: SATA max UDMA/133 abar m4096@0xfea51000 port 0xfea51200 irq 24
Jul 05 16:00:46 connector kernel[597]: ata4: SATA max UDMA/133 abar m4096@0xfea51000 port 0xfea51280 irq 24
Jul 05 16:00:46 connector kernel[597]: ata5: SATA max UDMA/133 abar m4096@0xfea51000 port 0xfea51300 irq 24
Jul 05 16:00:46 connector kernel[597]: ata6: SATA max UDMA/133 abar m4096@0xfea51000 port 0xfea51380 irq 24
Jul 05 16:00:46 connector kernel[597]: 0;38;5;245m0;1;31m0;38;5;245mata_piix 0000:00:01.1: version 2.130m
Jul 05 16:00:46 connector kernel[597]: scsi host6: ata_piix
Jul 05 16:00:46 connector kernel[597]: scsi host7: ata_piix
Jul 05 16:00:46 connector kernel[597]: ata7: PATA max MWDMA2 cmd 0x1f0 ctl 0x3f6 bmdma 0xe0a0 irq 14
Jul 05 16:00:46 connector kernel[597]: ata8: PATA max MWDMA2 cmd 0x170 ctl 0x376 bmdma 0xe0a8 irq 15
Jul 05 16:00:46 connector kernel[597]: e100: Intel(R) PRO/100 Network Driver
Jul 05 16:00:46 connector kernel[597]: e100: Copyright(c) 1999-2006 Intel Corporation
Jul 05 16:00:46 connector kernel[597]: e1000: Intel(R) PRO/1000 Network Driver
47;0H:0;0HJul 05 16:00:46 connector kernel[597]: e1000: Copyright (c) 1999-2006 Intel Corporation.
Jul 05 16:00:46 connector kernel[597]: e1000e: Intel(R) PRO/1000 Network Driver
Jul 05 16:00:46 connector kernel[597]: e1000e: Copyright(c) 1999 - 2015 Intel Corporation.
Jul 05 16:00:46 connector kernel[597]: igb: Intel(R) Gigabit Ethernet Network Driver
Jul 05 16:00:46 connector kernel[597]: igb: Copyright (c) 2007-2014 Intel Corporation.
Jul 05 16:00:46 connector kernel[597]: QLogic/NetXen Network Driver v4.0.82
Jul 05 16:00:46 connector kernel[597]: VMware vmxnet3 virtual NIC driver - version 1.5.0.0-k-NAPI
Jul 05 16:00:46 connector kernel[597]: hv_vmbus: registering driver hv_netvsc
Jul 05 16:00:46 connector kernel[597]: 0;1;38;5;185m0;1;39m0;1;38;5;185mparide: aten registered as protocol 00m
Jul 05 16:00:46 connector kernel[597]: 0;1;38;5;185m0;1;39m0;1;38;5;185mparide: bpck registered as protocol 10m
Jul 05 16:00:46 connector kernel[597]: 0;1;38;5;185m0;1;39m0;1;38;5;185mparide: comm registered as protocol 20m
Jul 05 16:00:46 connector kernel[597]: 0;1;38;5;185m0;1;39m0;1;38;5;185mparide: dstr registered as protocol 30m
Jul 05 16:00:46 connector kernel[597]: 0;1;38;5;185m0;1;39m0;1;38;5;185mparide: k951 registered as protocol 40m
Jul 05 16:00:46 connector kernel[597]: 0;1;38;5;185m0;1;39m0;1;38;5;185mparide: k971 registered as protocol 50m
Jul 05 16:00:46 connector kernel[597]: 0;1;38;5;185m0;1;39m0;1;38;5;185mparide: epat registered as protocol 60m
Jul 05 16:00:46 connector kernel[597]: 0;1;38;5;185m0;1;39m0;1;38;5;185mparide: epia registered as protocol 70m
Jul 05 16:00:46 connector kernel[597]: 0;1;38;5;185m0;1;39m0;1;38;5;185mparide: frpw registered as protocol 80m
Jul 05 16:00:46 connector kernel[597]: 0;1;38;5;185m0;1;39m0;1;38;5;185mparide: friq registered as protocol 90m
Jul 05 16:00:46 connector kernel[597]: 0;1;38;5;185m0;1;39m0;1;38;5;185mparide: fit2 registered as protocol 100m
Jul 05 16:00:46 connector kernel[597]: 0;1;38;5;185m0;1;39m0;1;38;5;185mparide: fit3 registered as protocol 110m
Jul 05 16:00:46 connector kernel[597]: 0;1;38;5;185m0;1;39m0;1;38;5;185mparide: on20 registered as protocol 120m
Jul 05 16:00:46 connector kernel[597]: 0;1;38;5;185m0;1;39m0;1;38;5;185mparide: on26 registered as protocol 130m
Jul 05 16:00:46 connector kernel[597]: 0;1;38;5;185m0;1;39m0;1;38;5;185mparide: ktti registered as protocol 140m
Jul 05 16:00:46 connector kernel[597]: 0;1;38;5;185m0;1;39m0;1;38;5;185mpd: pd version 1.05, major 45, cluster 64, nice 00m
Jul 05 16:00:46 connector kernel[597]: 0;1;38;5;185m0;1;39m0;1;38;5;185mpda: Autoprobe failed0m
Jul 05 16:00:46 connector kernel[597]: 0;1;38;5;185m0;1;39m0;1;38;5;185mpd: no valid drive found0m
Jul 05 16:00:46 connector kernel[597]: 0;1;38;5;185m0;1;39m0;1;38;5;185mpcd: pcd version 1.07, major 46, nice 00m
Jul 05 16:00:46 connector kernel[597]: 0;1;38;5;185m0;1;39m0;1;38;5;185mpcd0: Autoprobe failed0m
Jul 05 16:00:46 connector kernel[597]: 0;1;38;5;185m0;1;39m0;1;38;5;185mpcd: No CD-ROM drive found0m
Jul 05 16:00:46 connector kernel[597]: 0;1;38;5;185m0;1;39m0;1;38;5;185mpf: pf version 1.04, major 47, cluster 64, nice 00m
Jul 05 16:00:46 connector kernel[597]: 0;1;38;5;185m0;1;39m0;1;38;5;185mpf: No ATAPI disk detected0m
Jul 05 16:00:46 connector kernel[597]: 0;1;38;5;185m0;1;39m0;1;38;5;185mpt: pt version 1.04, major 960m
Jul 05 16:00:46 connector kernel[597]: 0;1;38;5;185m0;1;39m0;1;38;5;185mpt0: Autoprobe failed0m
Jul 05 16:00:46 connector kernel[597]: 0;1;38;5;185m0;1;39m0;1;38;5;185mpt: No ATAPI tape drive detected0m
Jul 05 16:00:46 connector kernel[597]: 0;1;38;5;185m0;1;39m0;1;38;5;185mpg: pg version 1.02, major 970m
Jul 05 16:00:46 connector kernel[597]: 0;1;38;5;185m0;1;39m0;1;38;5;185mpga: Autoprobe failed0m
Jul 05 16:00:46 connector kernel[597]: 0;1;38;5;185m0;1;39m0;1;38;5;185mpg: No ATAPI device detected0m
Jul 05 16:00:46 connector kernel[597]: ehci_hcd: USB 2.0 'Enhanced' Host Controller (EHCI) Driver
Jul 05 16:00:46 connector kernel[597]: ehci-pci: EHCI PCI platform driver
Jul 05 16:00:46 connector kernel[597]: ohci_hcd: USB 1.1 'Open' Host Controller (OHCI) Driver
Jul 05 16:00:46 connector systemd[1]: Starting User Login Management...
Jul 05 16:00:46 connector kernel[597]: ohci-pci: OHCI PCI platform driver
Jul 05 16:00:46 connector kernel[597]: uhci_hcd: USB Universal Host Controller Interface driver
Jul 05 16:00:46 connector kernel[597]: uhci_hcd 0000:00:01.2: UHCI Host Controller
Jul 05 16:00:46 connector kernel[597]: uhci_hcd 0000:00:01.2: new USB bus registered, assigned bus number 1
Jul 05 16:00:46 connector kernel[597]: uhci_hcd 0000:00:01.2: irq 11, io base 0x0000e040
47;0H:0;0HJul 05 16:00:46 connector kernel[597]: hub 1-0:1.0: USB hub found
Jul 05 16:00:46 connector kernel[597]: hub 1-0:1.0: 2 ports detected
Jul 05 16:00:46 connector kernel[597]: usbcore: registered new interface driver usb-storage
Jul 05 16:00:46 connector kernel[597]: usbcore: registered new interface driver usbserial_generic
Jul 05 16:00:46 connector kernel[597]: usbserial: USB Serial support registered for generic
Jul 05 16:00:46 connector kernel[597]: usbcore: registered new interface driver ftdi_sio
Jul 05 16:00:46 connector kernel[597]: usbserial: USB Serial support registered for FTDI USB Serial Device
Jul 05 16:00:46 connector kernel[597]: usbcore: registered new interface driver pl2303
Jul 05 16:00:46 connector kernel[597]: usbserial: USB Serial support registered for pl2303
Jul 05 16:00:46 connector kernel[597]: i8042: PNP: PS/2 Controller [PNP0303:KBD,PNP0f13:MOU] at 0x60,0x64 irq 1,12
Jul 05 16:00:46 connector kernel[597]: serio: i8042 KBD port at 0x60,0x64 irq 1
Jul 05 16:00:46 connector kernel[597]: serio: i8042 AUX port at 0x60,0x64 irq 12
Jul 05 16:00:46 connector kernel[597]: hv_vmbus: registering driver hyperv_keyboard
Jul 05 16:00:46 connector kernel[597]: mousedev: PS/2 mouse device common for all mice
Jul 05 16:00:46 connector kernel[597]: rtc_cmos 00:03: RTC can wake from S4
Jul 05 16:00:46 connector kernel[597]: input: AT Translated Set 2 keyboard as /devices/platform/i8042/serio0/input/input1
Jul 05 16:00:46 connector kernel[597]: rtc_cmos 00:03: registered as rtc0
Jul 05 16:00:46 connector kernel[597]: rtc_cmos 00:03: setting system clock to 2023-07-05T16:00:43 UTC (1688572843)
Jul 05 16:00:46 connector kernel[597]: rtc_cmos 00:03: alarms up to one day, y3k, 242 bytes nvram, hpet irqs
Jul 05 16:00:46 connector kernel[597]: device-mapper: ioctl: 4.45.0-ioctl (2021-03-22) initialised: dm-devel@redhat.com
Jul 05 16:00:46 connector kernel[597]: intel_pstate: CPU model not supported
Jul 05 16:00:46 connector kernel[597]: sdhci: Secure Digital Host Controller Interface driver
Jul 05 16:00:46 connector kernel[597]: sdhci: Copyright(c) Pierre Ossman
Jul 05 16:00:46 connector kernel[597]: sdhci-pltfm: SDHCI platform and OF driver helper
Jul 05 16:00:46 connector kernel[597]: usbcore: registered new interface driver usbhid
Jul 05 16:00:46 connector kernel[597]: usbhid: USB HID core driver
Jul 05 16:00:46 connector kernel[597]: u32 classifier
Jul 05 16:00:46 connector kernel[597]:     input device check on
Jul 05 16:00:46 connector kernel[597]:     Actions configured
Jul 05 16:00:46 connector kernel[597]: NET: Registered PF_INET6 protocol family
Jul 05 16:00:46 connector kernel[597]: Segment Routing with IPv6
Jul 05 16:00:46 connector kernel[597]: sit: IPv6, IPv4 and MPLS over IPv4 tunneling driver
Jul 05 16:00:46 connector kernel[597]: NET: Registered PF_PACKET protocol family
Jul 05 16:00:46 connector kernel[597]: 0;1;39m0;1;31m0;1;39mBridge firewalling registered0m
Jul 05 16:00:46 connector kernel[597]: 8021q: 802.1Q VLAN Support v1.8
Jul 05 16:00:46 connector kernel[597]: 0;1;39m0;1;31m0;1;39mKey type dns_resolver registered0m
